Archive member included to satisfy reference by file (symbol)

C:/ST/STM32CubeCLT_1.16.0/GNU-tools-for-STM32/bin/../lib/gcc/arm-none-eabi/12.3.1/../../../../arm-none-eabi/lib/thumb/v7e-m+dp/hard\libc.a(libc_a-memset.o)
                              CMakeFiles/stm32h7-gfx-ext-loader.stldr.dir/src/bsp/bsp.c.obj (memset)
C:/ST/STM32CubeCLT_1.16.0/GNU-tools-for-STM32/bin/../lib/gcc/arm-none-eabi/12.3.1/../../../../arm-none-eabi/lib/thumb/v7e-m+dp/hard\libc.a(libc_a-memcpy-stub.o)
                              CMakeFiles/stm32h7-gfx-ext-loader.stldr.dir/src/lib/STM32H7xx_HAL_Driver/Src/stm32h7xx_hal_fdcan.c.obj (memcpy)
C:/ST/STM32CubeCLT_1.16.0/GNU-tools-for-STM32/bin/../lib/gcc/arm-none-eabi/12.3.1/thumb/v7e-m+dp/hard\libgcc.a(_aeabi_ldivmod.o)
                              CMakeFiles/stm32h7-gfx-ext-loader.stldr.dir/src/lib/STM32H7xx_HAL_Driver/Src/stm32h7xx_hal_uart.c.obj (__aeabi_ldivmod)
C:/ST/STM32CubeCLT_1.16.0/GNU-tools-for-STM32/bin/../lib/gcc/arm-none-eabi/12.3.1/thumb/v7e-m+dp/hard\libgcc.a(_aeabi_uldivmod.o)
                              CMakeFiles/stm32h7-gfx-ext-loader.stldr.dir/src/lib/STM32H7xx_HAL_Driver/Src/stm32h7xx_hal_uart.c.obj (__aeabi_uldivmod)
C:/ST/STM32CubeCLT_1.16.0/GNU-tools-for-STM32/bin/../lib/gcc/arm-none-eabi/12.3.1/thumb/v7e-m+dp/hard\libgcc.a(_udivmoddi4.o)
                              C:/ST/STM32CubeCLT_1.16.0/GNU-tools-for-STM32/bin/../lib/gcc/arm-none-eabi/12.3.1/thumb/v7e-m+dp/hard\libgcc.a(_aeabi_ldivmod.o) (__udivmoddi4)
C:/ST/STM32CubeCLT_1.16.0/GNU-tools-for-STM32/bin/../lib/gcc/arm-none-eabi/12.3.1/thumb/v7e-m+dp/hard\libgcc.a(_dvmd_tls.o)
                              C:/ST/STM32CubeCLT_1.16.0/GNU-tools-for-STM32/bin/../lib/gcc/arm-none-eabi/12.3.1/thumb/v7e-m+dp/hard\libgcc.a(_aeabi_ldivmod.o) (__aeabi_ldiv0)

Discarded input sections

 .data          0x00000000        0x0 CMakeFiles/stm32h7-gfx-ext-loader.stldr.dir/src/bsp/bsp.c.obj
 .text          0x00000000       0x14 CMakeFiles/stm32h7-gfx-ext-loader.stldr.dir/src/bsp/device/stm32h7xx_it.c.obj
 .data          0x00000000        0x0 CMakeFiles/stm32h7-gfx-ext-loader.stldr.dir/src/bsp/device/stm32h7xx_it.c.obj
 .bss           0x00000000        0x0 CMakeFiles/stm32h7-gfx-ext-loader.stldr.dir/src/bsp/device/stm32h7xx_it.c.obj
 .comment       0x00000000       0x44 CMakeFiles/stm32h7-gfx-ext-loader.stldr.dir/src/bsp/device/stm32h7xx_it.c.obj
 .ARM.attributes
                0x00000000       0x32 CMakeFiles/stm32h7-gfx-ext-loader.stldr.dir/src/bsp/device/stm32h7xx_it.c.obj
 .bss           0x00000000        0x0 CMakeFiles/stm32h7-gfx-ext-loader.stldr.dir/src/bsp/device/system_stm32h7xx.c.obj
 .text          0x00000000        0x0 CMakeFiles/stm32h7-gfx-ext-loader.stldr.dir/src/ap/Dev_Inf.c.obj
 .data          0x00000000        0x0 CMakeFiles/stm32h7-gfx-ext-loader.stldr.dir/src/ap/Dev_Inf.c.obj
 .bss           0x00000000        0x0 CMakeFiles/stm32h7-gfx-ext-loader.stldr.dir/src/ap/Dev_Inf.c.obj
 .data          0x00000000        0x0 CMakeFiles/stm32h7-gfx-ext-loader.stldr.dir/src/ap/Loader_Src.c.obj
 .bss           0x00000000        0x0 CMakeFiles/stm32h7-gfx-ext-loader.stldr.dir/src/ap/Loader_Src.c.obj
 .text          0x00000000       0xf0 CMakeFiles/stm32h7-gfx-ext-loader.stldr.dir/src/common/core/qbuffer.c.obj
 .data          0x00000000        0x0 CMakeFiles/stm32h7-gfx-ext-loader.stldr.dir/src/common/core/qbuffer.c.obj
 .bss           0x00000000        0x0 CMakeFiles/stm32h7-gfx-ext-loader.stldr.dir/src/common/core/qbuffer.c.obj
 .comment       0x00000000       0x44 CMakeFiles/stm32h7-gfx-ext-loader.stldr.dir/src/common/core/qbuffer.c.obj
 .ARM.attributes
                0x00000000       0x32 CMakeFiles/stm32h7-gfx-ext-loader.stldr.dir/src/common/core/qbuffer.c.obj
 .text          0x00000000       0x34 CMakeFiles/stm32h7-gfx-ext-loader.stldr.dir/src/common/core/util.c.obj
 .data          0x00000000        0x0 CMakeFiles/stm32h7-gfx-ext-loader.stldr.dir/src/common/core/util.c.obj
 .bss           0x00000000        0x0 CMakeFiles/stm32h7-gfx-ext-loader.stldr.dir/src/common/core/util.c.obj
 .rodata        0x00000000      0x200 CMakeFiles/stm32h7-gfx-ext-loader.stldr.dir/src/common/core/util.c.obj
 .comment       0x00000000       0x44 CMakeFiles/stm32h7-gfx-ext-loader.stldr.dir/src/common/core/util.c.obj
 .ARM.attributes
                0x00000000       0x32 CMakeFiles/stm32h7-gfx-ext-loader.stldr.dir/src/common/core/util.c.obj
 .text          0x00000000        0x0 CMakeFiles/stm32h7-gfx-ext-loader.stldr.dir/src/common/hw/src/cli.c.obj
 .data          0x00000000        0x0 CMakeFiles/stm32h7-gfx-ext-loader.stldr.dir/src/common/hw/src/cli.c.obj
 .bss           0x00000000        0x0 CMakeFiles/stm32h7-gfx-ext-loader.stldr.dir/src/common/hw/src/cli.c.obj
 .comment       0x00000000       0x44 CMakeFiles/stm32h7-gfx-ext-loader.stldr.dir/src/common/hw/src/cli.c.obj
 .ARM.attributes
                0x00000000       0x32 CMakeFiles/stm32h7-gfx-ext-loader.stldr.dir/src/common/hw/src/cli.c.obj
[...]
Memory Configuration

Name             Origin             Length             Attributes
RAM              0x24000004         0x0004fc00         xrw
*default*        0x00000000         0xffffffff

Linker script and memory map

LOAD CMakeFiles/stm32h7-gfx-ext-loader.stldr.dir/src/bsp/bsp.c.obj
LOAD CMakeFiles/stm32h7-gfx-ext-loader.stldr.dir/src/bsp/device/stm32h7xx_it.c.obj
LOAD CMakeFiles/stm32h7-gfx-ext-loader.stldr.dir/src/bsp/device/system_stm32h7xx.c.obj
LOAD CMakeFiles/stm32h7-gfx-ext-loader.stldr.dir/src/ap/Dev_Inf.c.obj
LOAD CMakeFiles/stm32h7-gfx-ext-loader.stldr.dir/src/ap/Loader_Src.c.obj
LOAD CMakeFiles/stm32h7-gfx-ext-loader.stldr.dir/src/common/core/qbuffer.c.obj
LOAD CMakeFiles/stm32h7-gfx-ext-loader.stldr.dir/src/common/core/util.c.obj
LOAD CMakeFiles/stm32h7-gfx-ext-loader.stldr.dir/src/common/hw/src/cli.c.obj
LOAD CMakeFiles/stm32h7-gfx-ext-loader.stldr.dir/src/common/hw/src/cli_gui.c.obj
LOAD CMakeFiles/stm32h7-gfx-ext-loader.stldr.dir/src/hw/driver/led.c.obj
LOAD CMakeFiles/stm32h7-gfx-ext-loader.stldr.dir/src/hw/driver/qspi.c.obj
LOAD CMakeFiles/stm32h7-gfx-ext-loader.stldr.dir/src/hw/hw.c.obj
LOAD CMakeFiles/stm32h7-gfx-ext-loader.stldr.dir/src/lib/STM32H7xx_HAL_Driver/Src/Legacy/stm32h7xx_hal_eth.c.obj
LOAD CMakeFiles/stm32h7-gfx-ext-loader.stldr.dir/src/lib/STM32H7xx_HAL_Driver/Src/Legacy/stm32h7xx_hal_eth_ex.c.obj
LOAD CMakeFiles/stm32h7-gfx-ext-loader.stldr.dir/src/lib/STM32H7xx_HAL_Driver/Src/stm32h7xx_hal.c.obj
LOAD CMakeFiles/stm32h7-gfx-ext-loader.stldr.dir/src/lib/STM32H7xx_HAL_Driver/Src/stm32h7xx_hal_adc.c.obj
LOAD CMakeFiles/stm32h7-gfx-ext-loader.stldr.dir/src/lib/STM32H7xx_HAL_Driver/Src/stm32h7xx_hal_adc_ex.c.obj
LOAD CMakeFiles/stm32h7-gfx-ext-loader.stldr.dir/src/lib/STM32H7xx_HAL_Driver/Src/stm32h7xx_hal_cec.c.obj
LOAD CMakeFiles/stm32h7-gfx-ext-loader.stldr.dir/src/lib/STM32H7xx_HAL_Driver/Src/stm32h7xx_hal_comp.c.obj
LOAD CMakeFiles/stm32h7-gfx-ext-loader.stldr.dir/src/lib/STM32H7xx_HAL_Driver/Src/stm32h7xx_hal_cordic.c.obj
LOAD CMakeFiles/stm32h7-gfx-ext-loader.stldr.dir/src/lib/STM32H7xx_HAL_Driver/Src/stm32h7xx_hal_cortex.c.obj
LOAD CMakeFiles/stm32h7-gfx-ext-loader.stldr.dir/src/lib/STM32H7xx_HAL_Driver/Src/stm32h7xx_hal_crc.c.obj
LOAD CMakeFiles/stm32h7-gfx-ext-loader.stldr.dir/src/lib/STM32H7xx_HAL_Driver/Src/stm32h7xx_hal_crc_ex.c.obj
LOAD CMakeFiles/stm32h7-gfx-ext-loader.stldr.dir/src/lib/STM32H7xx_HAL_Driver/Src/stm32h7xx_hal_cryp.c.obj
LOAD CMakeFiles/stm32h7-gfx-ext-loader.stldr.dir/src/lib/STM32H7xx_HAL_Driver/Src/stm32h7xx_hal_cryp_ex.c.obj
LOAD CMakeFiles/stm32h7-gfx-ext-loader.stldr.dir/src/lib/STM32H7xx_HAL_Driver/Src/stm32h7xx_hal_dac.c.obj
LOAD CMakeFiles/stm32h7-gfx-ext-loader.stldr.dir/src/lib/STM32H7xx_HAL_Driver/Src/stm32h7xx_hal_dac_ex.c.obj
LOAD CMakeFiles/stm32h7-gfx-ext-loader.stldr.dir/src/lib/STM32H7xx_HAL_Driver/Src/stm32h7xx_hal_dcmi.c.obj
LOAD CMakeFiles/stm32h7-gfx-ext-loader.stldr.dir/src/lib/STM32H7xx_HAL_Driver/Src/stm32h7xx_hal_dfsdm.c.obj
LOAD CMakeFiles/stm32h7-gfx-ext-loader.stldr.dir/src/lib/STM32H7xx_HAL_Driver/Src/stm32h7xx_hal_dfsdm_ex.c.obj
LOAD CMakeFiles/stm32h7-gfx-ext-loader.stldr.dir/src/lib/STM32H7xx_HAL_Driver/Src/stm32h7xx_hal_dma.c.obj
LOAD CMakeFiles/stm32h7-gfx-ext-loader.stldr.dir/src/lib/STM32H7xx_HAL_Driver/Src/stm32h7xx_hal_dma2d.c.obj
LOAD CMakeFiles/stm32h7-gfx-ext-loader.stldr.dir/src/lib/STM32H7xx_HAL_Driver/Src/stm32h7xx_hal_dma_ex.c.obj
LOAD CMakeFiles/stm32h7-gfx-ext-loader.stldr.dir/src/lib/STM32H7xx_HAL_Driver/Src/stm32h7xx_hal_dsi.c.obj
LOAD CMakeFiles/stm32h7-gfx-ext-loader.stldr.dir/src/lib/STM32H7xx_HAL_Driver/Src/stm32h7xx_hal_dts.c.obj
LOAD CMakeFiles/stm32h7-gfx-ext-loader.stldr.dir/src/lib/STM32H7xx_HAL_Driver/Src/stm32h7xx_hal_eth.c.obj
LOAD CMakeFiles/stm32h7-gfx-ext-loader.stldr.dir/src/lib/STM32H7xx_HAL_Driver/Src/stm32h7xx_hal_eth_ex.c.obj
LOAD CMakeFiles/stm32h7-gfx-ext-loader.stldr.dir/src/lib/STM32H7xx_HAL_Driver/Src/stm32h7xx_hal_exti.c.obj
LOAD CMakeFiles/stm32h7-gfx-ext-loader.stldr.dir/src/lib/STM32H7xx_HAL_Driver/Src/stm32h7xx_hal_fdcan.c.obj
LOAD CMakeFiles/stm32h7-gfx-ext-loader.stldr.dir/src/lib/STM32H7xx_HAL_Driver/Src/stm32h7xx_hal_flash.c.obj
LOAD CMakeFiles/stm32h7-gfx-ext-loader.stldr.dir/src/lib/STM32H7xx_HAL_Driver/Src/stm32h7xx_hal_flash_ex.c.obj
LOAD CMakeFiles/stm32h7-gfx-ext-loader.stldr.dir/src/lib/STM32H7xx_HAL_Driver/Src/stm32h7xx_hal_fmac.c.obj
LOAD CMakeFiles/stm32h7-gfx-ext-loader.stldr.dir/src/lib/STM32H7xx_HAL_Driver/Src/stm32h7xx_hal_gfxmmu.c.obj
LOAD CMakeFiles/stm32h7-gfx-ext-loader.stldr.dir/src/lib/STM32H7xx_HAL_Driver/Src/stm32h7xx_hal_gpio.c.obj
LOAD CMakeFiles/stm32h7-gfx-ext-loader.stldr.dir/src/lib/STM32H7xx_HAL_Driver/Src/stm32h7xx_hal_hash.c.obj
LOAD CMakeFiles/stm32h7-gfx-ext-loader.stldr.dir/src/lib/STM32H7xx_HAL_Driver/Src/stm32h7xx_hal_hash_ex.c.obj
LOAD CMakeFiles/stm32h7-gfx-ext-loader.stldr.dir/src/lib/STM32H7xx_HAL_Driver/Src/stm32h7xx_hal_hcd.c.obj
LOAD CMakeFiles/stm32h7-gfx-ext-loader.stldr.dir/src/lib/STM32H7xx_HAL_Driver/Src/stm32h7xx_hal_hrtim.c.obj
LOAD CMakeFiles/stm32h7-gfx-ext-loader.stldr.dir/src/lib/STM32H7xx_HAL_Driver/Src/stm32h7xx_hal_hsem.c.obj
LOAD CMakeFiles/stm32h7-gfx-ext-loader.stldr.dir/src/lib/STM32H7xx_HAL_Driver/Src/stm32h7xx_hal_i2c.c.obj
LOAD CMakeFiles/stm32h7-gfx-ext-loader.stldr.dir/src/lib/STM32H7xx_HAL_Driver/Src/stm32h7xx_hal_i2c_ex.c.obj
LOAD CMakeFiles/stm32h7-gfx-ext-loader.stldr.dir/src/lib/STM32H7xx_HAL_Driver/Src/stm32h7xx_hal_i2s.c.obj
LOAD CMakeFiles/stm32h7-gfx-ext-loader.stldr.dir/src/lib/STM32H7xx_HAL_Driver/Src/stm32h7xx_hal_i2s_ex.c.obj
LOAD CMakeFiles/stm32h7-gfx-ext-loader.stldr.dir/src/lib/STM32H7xx_HAL_Driver/Src/stm32h7xx_hal_irda.c.obj
LOAD CMakeFiles/stm32h7-gfx-ext-loader.stldr.dir/src/lib/STM32H7xx_HAL_Driver/Src/stm32h7xx_hal_iwdg.c.obj
LOAD CMakeFiles/stm32h7-gfx-ext-loader.stldr.dir/src/lib/STM32H7xx_HAL_Driver/Src/stm32h7xx_hal_jpeg.c.obj
LOAD CMakeFiles/stm32h7-gfx-ext-loader.stldr.dir/src/lib/STM32H7xx_HAL_Driver/Src/stm32h7xx_hal_lptim.c.obj
LOAD CMakeFiles/stm32h7-gfx-ext-loader.stldr.dir/src/lib/STM32H7xx_HAL_Driver/Src/stm32h7xx_hal_ltdc.c.obj
LOAD CMakeFiles/stm32h7-gfx-ext-loader.stldr.dir/src/lib/STM32H7xx_HAL_Driver/Src/stm32h7xx_hal_ltdc_ex.c.obj
LOAD CMakeFiles/stm32h7-gfx-ext-loader.stldr.dir/src/lib/STM32H7xx_HAL_Driver/Src/stm32h7xx_hal_mdios.c.obj
LOAD CMakeFiles/stm32h7-gfx-ext-loader.stldr.dir/src/lib/STM32H7xx_HAL_Driver/Src/stm32h7xx_hal_mdma.c.obj
LOAD CMakeFiles/stm32h7-gfx-ext-loader.stldr.dir/src/lib/STM32H7xx_HAL_Driver/Src/stm32h7xx_hal_mmc.c.obj
LOAD CMakeFiles/stm32h7-gfx-ext-loader.stldr.dir/src/lib/STM32H7xx_HAL_Driver/Src/stm32h7xx_hal_mmc_ex.c.obj
LOAD CMakeFiles/stm32h7-gfx-ext-loader.stldr.dir/src/lib/STM32H7xx_HAL_Driver/Src/stm32h7xx_hal_nand.c.obj
LOAD CMakeFiles/stm32h7-gfx-ext-loader.stldr.dir/src/lib/STM32H7xx_HAL_Driver/Src/stm32h7xx_hal_nor.c.obj
LOAD CMakeFiles/stm32h7-gfx-ext-loader.stldr.dir/src/lib/STM32H7xx_HAL_Driver/Src/stm32h7xx_hal_opamp.c.obj
LOAD CMakeFiles/stm32h7-gfx-ext-loader.stldr.dir/src/lib/STM32H7xx_HAL_Driver/Src/stm32h7xx_hal_opamp_ex.c.obj
LOAD CMakeFiles/stm32h7-gfx-ext-loader.stldr.dir/src/lib/STM32H7xx_HAL_Driver/Src/stm32h7xx_hal_ospi.c.obj
LOAD CMakeFiles/stm32h7-gfx-ext-loader.stldr.dir/src/lib/STM32H7xx_HAL_Driver/Src/stm32h7xx_hal_otfdec.c.obj
LOAD CMakeFiles/stm32h7-gfx-ext-loader.stldr.dir/src/lib/STM32H7xx_HAL_Driver/Src/stm32h7xx_hal_pcd.c.obj
LOAD CMakeFiles/stm32h7-gfx-ext-loader.stldr.dir/src/lib/STM32H7xx_HAL_Driver/Src/stm32h7xx_hal_pcd_ex.c.obj
LOAD CMakeFiles/stm32h7-gfx-ext-loader.stldr.dir/src/lib/STM32H7xx_HAL_Driver/Src/stm32h7xx_hal_pssi.c.obj
LOAD CMakeFiles/stm32h7-gfx-ext-loader.stldr.dir/src/lib/STM32H7xx_HAL_Driver/Src/stm32h7xx_hal_pwr.c.obj
LOAD CMakeFiles/stm32h7-gfx-ext-loader.stldr.dir/src/lib/STM32H7xx_HAL_Driver/Src/stm32h7xx_hal_pwr_ex.c.obj
LOAD CMakeFiles/stm32h7-gfx-ext-loader.stldr.dir/src/lib/STM32H7xx_HAL_Driver/Src/stm32h7xx_hal_qspi.c.obj
LOAD CMakeFiles/stm32h7-gfx-ext-loader.stldr.dir/src/lib/STM32H7xx_HAL_Driver/Src/stm32h7xx_hal_ramecc.c.obj
LOAD CMakeFiles/stm32h7-gfx-ext-loader.stldr.dir/src/lib/STM32H7xx_HAL_Driver/Src/stm32h7xx_hal_rcc.c.obj
LOAD CMakeFiles/stm32h7-gfx-ext-loader.stldr.dir/src/lib/STM32H7xx_HAL_Driver/Src/stm32h7xx_hal_rcc_ex.c.obj
LOAD CMakeFiles/stm32h7-gfx-ext-loader.stldr.dir/src/lib/STM32H7xx_HAL_Driver/Src/stm32h7xx_hal_rng.c.obj
LOAD CMakeFiles/stm32h7-gfx-ext-loader.stldr.dir/src/lib/STM32H7xx_HAL_Driver/Src/stm32h7xx_hal_rng_ex.c.obj
LOAD CMakeFiles/stm32h7-gfx-ext-loader.stldr.dir/src/lib/STM32H7xx_HAL_Driver/Src/stm32h7xx_hal_rtc.c.obj
LOAD CMakeFiles/stm32h7-gfx-ext-loader.stldr.dir/src/lib/STM32H7xx_HAL_Driver/Src/stm32h7xx_hal_rtc_ex.c.obj
LOAD CMakeFiles/stm32h7-gfx-ext-loader.stldr.dir/src/lib/STM32H7xx_HAL_Driver/Src/stm32h7xx_hal_sai.c.obj
LOAD CMakeFiles/stm32h7-gfx-ext-loader.stldr.dir/src/lib/STM32H7xx_HAL_Driver/Src/stm32h7xx_hal_sai_ex.c.obj
LOAD CMakeFiles/stm32h7-gfx-ext-loader.stldr.dir/src/lib/STM32H7xx_HAL_Driver/Src/stm32h7xx_hal_sd.c.obj
LOAD CMakeFiles/stm32h7-gfx-ext-loader.stldr.dir/src/lib/STM32H7xx_HAL_Driver/Src/stm32h7xx_hal_sd_ex.c.obj
LOAD CMakeFiles/stm32h7-gfx-ext-loader.stldr.dir/src/lib/STM32H7xx_HAL_Driver/Src/stm32h7xx_hal_sdram.c.obj
LOAD CMakeFiles/stm32h7-gfx-ext-loader.stldr.dir/src/lib/STM32H7xx_HAL_Driver/Src/stm32h7xx_hal_smartcard.c.obj
LOAD CMakeFiles/stm32h7-gfx-ext-loader.stldr.dir/src/lib/STM32H7xx_HAL_Driver/Src/stm32h7xx_hal_smartcard_ex.c.obj
LOAD CMakeFiles/stm32h7-gfx-ext-loader.stldr.dir/src/lib/STM32H7xx_HAL_Driver/Src/stm32h7xx_hal_smbus.c.obj
LOAD CMakeFiles/stm32h7-gfx-ext-loader.stldr.dir/src/lib/STM32H7xx_HAL_Driver/Src/stm32h7xx_hal_smbus_ex.c.obj
LOAD CMakeFiles/stm32h7-gfx-ext-loader.stldr.dir/src/lib/STM32H7xx_HAL_Driver/Src/stm32h7xx_hal_spdifrx.c.obj
LOAD CMakeFiles/stm32h7-gfx-ext-loader.stldr.dir/src/lib/STM32H7xx_HAL_Driver/Src/stm32h7xx_hal_spi.c.obj
LOAD CMakeFiles/stm32h7-gfx-ext-loader.stldr.dir/src/lib/STM32H7xx_HAL_Driver/Src/stm32h7xx_hal_spi_ex.c.obj
LOAD CMakeFiles/stm32h7-gfx-ext-loader.stldr.dir/src/lib/STM32H7xx_HAL_Driver/Src/stm32h7xx_hal_sram.c.obj
LOAD CMakeFiles/stm32h7-gfx-ext-loader.stldr.dir/src/lib/STM32H7xx_HAL_Driver/Src/stm32h7xx_hal_swpmi.c.obj
LOAD CMakeFiles/stm32h7-gfx-ext-loader.stldr.dir/src/lib/STM32H7xx_HAL_Driver/Src/stm32h7xx_hal_tim.c.obj
LOAD CMakeFiles/stm32h7-gfx-ext-loader.stldr.dir/src/lib/STM32H7xx_HAL_Driver/Src/stm32h7xx_hal_tim_ex.c.obj
LOAD CMakeFiles/stm32h7-gfx-ext-loader.stldr.dir/src/lib/STM32H7xx_HAL_Driver/Src/stm32h7xx_hal_uart.c.obj
LOAD CMakeFiles/stm32h7-gfx-ext-loader.stldr.dir/src/lib/STM32H7xx_HAL_Driver/Src/stm32h7xx_hal_uart_ex.c.obj
LOAD CMakeFiles/stm32h7-gfx-ext-loader.stldr.dir/src/lib/STM32H7xx_HAL_Driver/Src/stm32h7xx_hal_usart.c.obj
LOAD CMakeFiles/stm32h7-gfx-ext-loader.stldr.dir/src/lib/STM32H7xx_HAL_Driver/Src/stm32h7xx_hal_usart_ex.c.obj
LOAD CMakeFiles/stm32h7-gfx-ext-loader.stldr.dir/src/lib/STM32H7xx_HAL_Driver/Src/stm32h7xx_hal_wwdg.c.obj
LOAD CMakeFiles/stm32h7-gfx-ext-loader.stldr.dir/src/lib/STM32H7xx_HAL_Driver/Src/stm32h7xx_ll_adc.c.obj
LOAD CMakeFiles/stm32h7-gfx-ext-loader.stldr.dir/src/lib/STM32H7xx_HAL_Driver/Src/stm32h7xx_ll_bdma.c.obj
LOAD CMakeFiles/stm32h7-gfx-ext-loader.stldr.dir/src/lib/STM32H7xx_HAL_Driver/Src/stm32h7xx_ll_comp.c.obj
LOAD CMakeFiles/stm32h7-gfx-ext-loader.stldr.dir/src/lib/STM32H7xx_HAL_Driver/Src/stm32h7xx_ll_cordic.c.obj
LOAD CMakeFiles/stm32h7-gfx-ext-loader.stldr.dir/src/lib/STM32H7xx_HAL_Driver/Src/stm32h7xx_ll_crc.c.obj
LOAD CMakeFiles/stm32h7-gfx-ext-loader.stldr.dir/src/lib/STM32H7xx_HAL_Driver/Src/stm32h7xx_ll_crs.c.obj
LOAD CMakeFiles/stm32h7-gfx-ext-loader.stldr.dir/src/lib/STM32H7xx_HAL_Driver/Src/stm32h7xx_ll_dac.c.obj
LOAD CMakeFiles/stm32h7-gfx-ext-loader.stldr.dir/src/lib/STM32H7xx_HAL_Driver/Src/stm32h7xx_ll_delayblock.c.obj
LOAD CMakeFiles/stm32h7-gfx-ext-loader.stldr.dir/src/lib/STM32H7xx_HAL_Driver/Src/stm32h7xx_ll_dma.c.obj
LOAD CMakeFiles/stm32h7-gfx-ext-loader.stldr.dir/src/lib/STM32H7xx_HAL_Driver/Src/stm32h7xx_ll_dma2d.c.obj
LOAD CMakeFiles/stm32h7-gfx-ext-loader.stldr.dir/src/lib/STM32H7xx_HAL_Driver/Src/stm32h7xx_ll_exti.c.obj
LOAD CMakeFiles/stm32h7-gfx-ext-loader.stldr.dir/src/lib/STM32H7xx_HAL_Driver/Src/stm32h7xx_ll_fmac.c.obj
LOAD CMakeFiles/stm32h7-gfx-ext-loader.stldr.dir/src/lib/STM32H7xx_HAL_Driver/Src/stm32h7xx_ll_fmc.c.obj
LOAD CMakeFiles/stm32h7-gfx-ext-loader.stldr.dir/src/lib/STM32H7xx_HAL_Driver/Src/stm32h7xx_ll_gpio.c.obj
LOAD CMakeFiles/stm32h7-gfx-ext-loader.stldr.dir/src/lib/STM32H7xx_HAL_Driver/Src/stm32h7xx_ll_hrtim.c.obj
LOAD CMakeFiles/stm32h7-gfx-ext-loader.stldr.dir/src/lib/STM32H7xx_HAL_Driver/Src/stm32h7xx_ll_i2c.c.obj
LOAD CMakeFiles/stm32h7-gfx-ext-loader.stldr.dir/src/lib/STM32H7xx_HAL_Driver/Src/stm32h7xx_ll_lptim.c.obj
LOAD CMakeFiles/stm32h7-gfx-ext-loader.stldr.dir/src/lib/STM32H7xx_HAL_Driver/Src/stm32h7xx_ll_lpuart.c.obj
LOAD CMakeFiles/stm32h7-gfx-ext-loader.stldr.dir/src/lib/STM32H7xx_HAL_Driver/Src/stm32h7xx_ll_mdma.c.obj
LOAD CMakeFiles/stm32h7-gfx-ext-loader.stldr.dir/src/lib/STM32H7xx_HAL_Driver/Src/stm32h7xx_ll_opamp.c.obj
LOAD CMakeFiles/stm32h7-gfx-ext-loader.stldr.dir/src/lib/STM32H7xx_HAL_Driver/Src/stm32h7xx_ll_pwr.c.obj
LOAD CMakeFiles/stm32h7-gfx-ext-loader.stldr.dir/src/lib/STM32H7xx_HAL_Driver/Src/stm32h7xx_ll_rcc.c.obj
LOAD CMakeFiles/stm32h7-gfx-ext-loader.stldr.dir/src/lib/STM32H7xx_HAL_Driver/Src/stm32h7xx_ll_rng.c.obj
LOAD CMakeFiles/stm32h7-gfx-ext-loader.stldr.dir/src/lib/STM32H7xx_HAL_Driver/Src/stm32h7xx_ll_rtc.c.obj
LOAD CMakeFiles/stm32h7-gfx-ext-loader.stldr.dir/src/lib/STM32H7xx_HAL_Driver/Src/stm32h7xx_ll_sdmmc.c.obj
LOAD CMakeFiles/stm32h7-gfx-ext-loader.stldr.dir/src/lib/STM32H7xx_HAL_Driver/Src/stm32h7xx_ll_spi.c.obj
LOAD CMakeFiles/stm32h7-gfx-ext-loader.stldr.dir/src/lib/STM32H7xx_HAL_Driver/Src/stm32h7xx_ll_swpmi.c.obj
LOAD CMakeFiles/stm32h7-gfx-ext-loader.stldr.dir/src/lib/STM32H7xx_HAL_Driver/Src/stm32h7xx_ll_tim.c.obj
LOAD CMakeFiles/stm32h7-gfx-ext-loader.stldr.dir/src/lib/STM32H7xx_HAL_Driver/Src/stm32h7xx_ll_usart.c.obj
LOAD CMakeFiles/stm32h7-gfx-ext-loader.stldr.dir/src/lib/STM32H7xx_HAL_Driver/Src/stm32h7xx_ll_usb.c.obj
LOAD CMakeFiles/stm32h7-gfx-ext-loader.stldr.dir/src/lib/STM32H7xx_HAL_Driver/Src/stm32h7xx_ll_utils.c.obj

.text           0x24000004     0xbab4
                0x24000004                        . = ALIGN (0x4)
 *(.text)
 .text          0x24000004      0x24c CMakeFiles/stm32h7-gfx-ext-loader.stldr.dir/src/bsp/bsp.c.obj
                0x24000004                bspInit
                0x2400018c                millis
                0x24000194                HAL_Delay
                0x240001ae                delay
                0x240001b2                Error_Handler
                0x240001b6                HAL_InitTick
 .text          0x24000250      0x1e8 CMakeFiles/stm32h7-gfx-ext-loader.stldr.dir/src/bsp/device/system_stm32h7xx.c.obj
                0x24000250                SystemInit
                0x240002f4                SystemCoreClockUpdate
 .text          0x24000438      0x17c CMakeFiles/stm32h7-gfx-ext-loader.stldr.dir/src/ap/Loader_Src.c.obj
                0x24000438                Init
                0x2400044a                Read
                0x2400046a                Write
                0x24000488                SectorErase
                0x240004b6                CheckSum
                0x24000560                Verify
                0x240005a6                MassErase
 .text          0x240005b4       0x90 CMakeFiles/stm32h7-gfx-ext-loader.stldr.dir/src/hw/driver/led.c.obj
                0x240005c4                ledInit
                0x24000618                ledOn
                0x2400062c                ledOff
                0x24000632                ledToggle
 .text          0x24000644      0x8f0 CMakeFiles/stm32h7-gfx-ext-loader.stldr.dir/src/hw/driver/qspi.c.obj
                0x2400078c                qspiIsInit
                0x24000798                qspiGetInfo
                0x240007b6                qspiGetAddr
                0x240007bc                qspiGetLength
                0x240007c2                BSP_QSPI_Reset
                0x240007d2                qspiReset
                0x240007ec                BSP_QSPI_Config
                0x24000890                BSP_QSPI_Init
                0x24000934                BSP_QSPI_DeInit
                0x24000950                BSP_QSPI_Read
                0x240009b0                qspiRead
                0x240009ce                BSP_QSPI_Write
                0x24000a64                qspiWrite
                0x24000a82                BSP_QSPI_Erase_Block
                0x24000ad8                qspiEraseBlock
                0x24000ae6                BSP_QSPI_Erase_Sector
                0x24000b3c                qspiEraseSector
                0x24000b4a                qspiErase
                0x24000b7e                BSP_QSPI_Erase_Chip
                0x24000bd0                qspiEraseChip
                0x24000bde                BSP_QSPI_GetStatus
                0x24000c4c                qspiGetStatus
                0x24000c5a                BSP_QSPI_GetID
                0x24000cb0                qspiInit
                0x24000cec                BSP_QSPI_GetInfo
                0x24000d0a                BSP_QSPI_EnableMemoryMappedMode
                0x24000d74                qspiEnableMemoryMappedMode
                0x24000d82                HAL_OSPI_MspInit
                0x24000ecc                HAL_OSPI_MspDeInit
 .text          0x24000f34       0x12 CMakeFiles/stm32h7-gfx-ext-loader.stldr.dir/src/hw/hw.c.obj
                0x24000f34                hwInit
 *fill*         0x24000f46        0x2 
 .text          0x24000f48      0x574 CMakeFiles/stm32h7-gfx-ext-loader.stldr.dir/src/lib/STM32H7xx_HAL_Driver/Src/stm32h7xx_hal.c.obj
                0x24000f48                HAL_MspInit
                0x24000f4a                HAL_MspDeInit
                0x24000f4c                HAL_DeInit
                0x24001024                HAL_Init
                0x24001090                HAL_IncTick
                0x240010a8                HAL_GetTick
                0x240010b4                HAL_GetTickPrio
                0x240010c0                HAL_SetTickFreq
                0x240010e0                HAL_GetTickFreq
                0x24001110                HAL_SuspendTick
                0x2400111e                HAL_ResumeTick
                0x2400112c                HAL_GetHalVersion
                0x24001134                HAL_GetREVID
                0x24001140                HAL_GetDEVID
                0x24001150                HAL_GetUIDw0
                0x2400115c                HAL_GetUIDw1
                0x24001168                HAL_GetUIDw2
                0x24001174                HAL_SYSCFG_VREFBUF_VoltageScalingConfig
                0x24001188                HAL_SYSCFG_VREFBUF_HighImpedanceConfig
                0x2400119c                HAL_SYSCFG_VREFBUF_TrimmingConfig
                0x240011b0                HAL_SYSCFG_EnableVREFBUF
                0x240011e0                HAL_SYSCFG_DisableVREFBUF
                0x240011f0                HAL_SYSCFG_ETHInterfaceSelect
                0x24001204                HAL_SYSCFG_AnalogSwitchConfig
                0x24001218                HAL_SYSCFG_EnableBOOST
                0x24001228                HAL_SYSCFG_DisableBOOST
                0x24001238                HAL_SYSCFG_CM7BootAddConfig
                0x24001264                HAL_EnableCompensationCell
                0x24001274                HAL_DisableCompensationCell
                0x24001284                HAL_SYSCFG_EnableIOSpeedOptimize
                0x24001294                HAL_SYSCFG_DisableIOSpeedOptimize
                0x240012a4                HAL_SYSCFG_CompensationCodeSelect
                0x240012b8                HAL_SYSCFG_CompensationCodeConfig
                0x240012d0                HAL_SYSCFG_ADC2ALT_Rout0Config
                0x240012e4                HAL_SYSCFG_ADC2ALT_Rout1Config
                0x240012f8                HAL_DBGMCU_EnableDBGSleepMode
                0x24001308                HAL_DBGMCU_DisableDBGSleepMode
                0x24001318                HAL_DBGMCU_EnableDBGStopMode
                0x24001328                HAL_DBGMCU_DisableDBGStopMode
                0x24001338                HAL_DBGMCU_EnableDBGStandbyMode
                0x24001348                HAL_DBGMCU_DisableDBGStandbyMode
                0x24001358                HAL_EnableDomain3DBGStopMode
                0x24001368                HAL_DisableDomain3DBGStopMode
                0x24001378                HAL_EnableDomain3DBGStandbyMode
                0x24001388                HAL_DisableDomain3DBGStandbyMode
                0x24001398                HAL_SetFMCMemorySwappingConfig
                0x240013ac                HAL_GetFMCMemorySwappingConfig
                0x240013bc                HAL_EXTI_EdgeConfig
                0x240013f4                HAL_EXTI_GenerateSWInterrupt
                0x2400140c                HAL_EXTI_D1_ClearFlag
                0x24001422                HAL_EXTI_D1_EventInputConfig
                0x24001474                HAL_EXTI_D3_EventInputConfig
 .text          0x240014bc      0x2b4 CMakeFiles/stm32h7-gfx-ext-loader.stldr.dir/src/lib/STM32H7xx_HAL_Driver/Src/stm32h7xx_hal_cortex.c.obj
                0x240014bc                HAL_NVIC_SetPriorityGrouping
                0x240014e0                HAL_NVIC_SetPriority
                0x24001544                HAL_NVIC_EnableIRQ
                0x24001560                HAL_NVIC_DisableIRQ
                0x24001584                HAL_NVIC_SystemReset
                0x240015a8                HAL_SYSTICK_Config
                0x240015d0                HAL_MPU_Disable
                0x240015ec                HAL_MPU_Enable
                0x2400160c                HAL_MPU_ConfigRegion
                0x24001664                HAL_NVIC_GetPriorityGrouping
                0x24001674                HAL_NVIC_GetPriority
                0x240016cc                HAL_NVIC_SetPendingIRQ
                0x240016e8                HAL_NVIC_GetPendingIRQ
                0x2400170c                HAL_NVIC_ClearPendingIRQ
                0x24001728                HAL_NVIC_GetActive
                0x2400174c                HAL_SYSTICK_CLKSourceConfig
                0x24001762                HAL_SYSTICK_Callback
                0x24001764                HAL_SYSTICK_IRQHandler
                0x2400176c                HAL_GetCurrentCPUID
 .text          0x24001770     0x1a0c CMakeFiles/stm32h7-gfx-ext-loader.stldr.dir/src/lib/STM32H7xx_HAL_Driver/Src/stm32h7xx_hal_dma.c.obj
                0x24001a98                HAL_DMA_Init
                0x24001e14                HAL_DMA_DeInit
                0x24001fc8                HAL_DMA_Start
                0x240020ac                HAL_DMA_Start_IT
                0x240022e0                HAL_DMA_Abort
                0x2400262c                HAL_DMA_Abort_IT
                0x2400274c                HAL_DMA_PollForTransfer
                0x24002b70                HAL_DMA_IRQHandler
                0x240030b8                HAL_DMA_RegisterCallback
                0x2400310a                HAL_DMA_UnRegisterCallback
                0x24003170                HAL_DMA_GetState
                0x24003176                HAL_DMA_GetError
 .text          0x2400317c      0x35c CMakeFiles/stm32h7-gfx-ext-loader.stldr.dir/src/lib/STM32H7xx_HAL_Driver/Src/stm32h7xx_hal_gpio.c.obj
                0x2400317c                HAL_GPIO_Init
                0x24003340                HAL_GPIO_DeInit
                0x2400346c                HAL_GPIO_ReadPin
                0x24003478                HAL_GPIO_WritePin
                0x24003482                HAL_GPIO_TogglePin
                0x24003494                HAL_GPIO_LockPin
                0x240034be                HAL_GPIO_EXTI_Callback
                0x240034c0                HAL_GPIO_EXTI_IRQHandler
 .text          0x240034d8      0x97c CMakeFiles/stm32h7-gfx-ext-loader.stldr.dir/src/lib/STM32H7xx_HAL_Driver/Src/stm32h7xx_hal_mdma.c.obj
                0x24003536                HAL_MDMA_Init
                0x24003614                HAL_MDMA_DeInit
                0x24003652                HAL_MDMA_ConfigPostRequestMask
                0x240036a2                HAL_MDMA_RegisterCallback
                0x240036f0                HAL_MDMA_UnRegisterCallback
                0x24003756                HAL_MDMA_LinkedList_CreateNode
                0x24003834                HAL_MDMA_LinkedList_AddNode
                0x240038f8                HAL_MDMA_LinkedList_RemoveNode
                0x240039ae                HAL_MDMA_LinkedList_EnableCircularMode
                0x240039f8                HAL_MDMA_LinkedList_DisableCircularMode
                0x24003a42                HAL_MDMA_Start
                0x24003aa4                HAL_MDMA_Start_IT
                0x24003b36                HAL_MDMA_Abort
                0x24003ba4                HAL_MDMA_Abort_IT
                0x24003bca                HAL_MDMA_PollForTransfer
                0x24003ca4                HAL_MDMA_GenerateSWRequest
                0x24003cd8                HAL_MDMA_IRQHandler
                0x24003e48                HAL_MDMA_GetState
                0x24003e4e                HAL_MDMA_GetError
 .text          0x24003e54     0x120c CMakeFiles/stm32h7-gfx-ext-loader.stldr.dir/src/lib/STM32H7xx_HAL_Driver/Src/stm32h7xx_hal_ospi.c.obj
                0x24004090                HAL_OSPI_Init
                0x2400417a                HAL_OSPI_DeInit
                0x240041a0                HAL_OSPI_Command
                0x2400423e                HAL_OSPI_Command_IT
                0x24004298                HAL_OSPI_HyperbusCfg
                0x240042e4                HAL_OSPI_HyperbusCmd
                0x24004350                HAL_OSPI_Transmit
                0x240043d8                HAL_OSPI_Receive
                0x24004484                HAL_OSPI_Transmit_IT
                0x240044c2                HAL_OSPI_Receive_IT
                0x24004526                HAL_OSPI_Transmit_DMA
                0x240045f4                HAL_OSPI_Receive_DMA
                0x240046ec                HAL_OSPI_AutoPolling
                0x2400478c                HAL_OSPI_AutoPolling_IT
                0x24004814                HAL_OSPI_MemoryMapped
                0x24004872                HAL_OSPI_ErrorCallback
                0x24004874                HAL_OSPI_AbortCpltCallback
                0x240048ba                HAL_OSPI_FifoThresholdCallback
                0x240048bc                HAL_OSPI_CmdCpltCallback
                0x240048be                HAL_OSPI_RxCpltCallback
                0x240048c0                HAL_OSPI_TxCpltCallback
                0x240048c2                HAL_OSPI_RxHalfCpltCallback
                0x240048c4                HAL_OSPI_TxHalfCpltCallback
                0x240048c6                HAL_OSPI_StatusMatchCallback
                0x240048c8                HAL_OSPI_TimeOutCallback
                0x240048ca                HAL_OSPI_IRQHandler
                0x24004a18                HAL_OSPI_Abort
                0x24004a98                HAL_OSPI_Abort_IT
                0x24004b40                HAL_OSPI_SetFifoThreshold
                0x24004b66                HAL_OSPI_GetFifoThreshold
                0x24004b72                HAL_OSPI_SetTimeout
                0x24004b78                HAL_OSPI_GetError
                0x24004b7c                HAL_OSPI_GetState
                0x24004b80                HAL_OSPIM_Config
 .text          0x24005060      0x1f8 CMakeFiles/stm32h7-gfx-ext-loader.stldr.dir/src/lib/STM32H7xx_HAL_Driver/Src/stm32h7xx_hal_pwr.c.obj
                0x24005060                HAL_PWR_DeInit
                0x24005062                HAL_PWR_EnableBkUpAccess
                0x24005074                HAL_PWR_DisableBkUpAccess
                0x24005084                HAL_PWR_ConfigPVD
                0x24005110                HAL_PWR_EnablePVD
                0x24005120                HAL_PWR_DisablePVD
                0x24005130                HAL_PWR_EnableWakeUpPin
                0x24005148                HAL_PWR_DisableWakeUpPin
                0x2400515c                HAL_PWR_EnterSLEEPMode
                0x24005178                HAL_PWR_EnterSTOPMode
                0x240051c4                HAL_PWR_EnterSTANDBYMode
                0x240051f4                HAL_PWR_EnableSleepOnExit
                0x24005204                HAL_PWR_DisableSleepOnExit
                0x24005214                HAL_PWR_EnableSEVOnPend
                0x24005224                HAL_PWR_DisableSEVOnPend
                0x24005234                HAL_PWR_PVDCallback
                0x24005236                HAL_PWR_PVD_IRQHandler
 .text          0x24005258      0x4fc CMakeFiles/stm32h7-gfx-ext-loader.stldr.dir/src/lib/STM32H7xx_HAL_Driver/Src/stm32h7xx_hal_pwr_ex.c.obj
                0x24005258                HAL_PWREx_ConfigSupply
                0x240052a0                HAL_PWREx_GetSupplyConfig
                0x240052b0                HAL_PWREx_ControlVoltageScaling
                0x240052ec                HAL_PWREx_GetVoltageRange
                0x240052fc                HAL_PWREx_ControlStopModeVoltageScaling
                0x24005310                HAL_PWREx_GetStopModeVoltageRange
                0x24005320                HAL_PWREx_EnterSTOPMode
                0x24005374                HAL_PWREx_ClearPendingEvent
                0x24005378                HAL_PWREx_EnterSTANDBYMode
                0x240053ac                HAL_PWREx_ConfigD3Domain
                0x240053c0                HAL_PWREx_EnableFlashPowerDown
                0x240053d0                HAL_PWREx_DisableFlashPowerDown
                0x240053e0                HAL_PWREx_EnableWakeUpPin
                0x24005460                HAL_PWREx_DisableWakeUpPin
                0x24005470                HAL_PWREx_GetWakeupFlag
                0x2400547c                HAL_PWREx_ClearWakeupFlag
                0x24005494                HAL_PWREx_WKUP1_Callback
                0x24005496                HAL_PWREx_WKUP2_Callback
                0x24005498                HAL_PWREx_WKUP4_Callback
                0x2400549a                HAL_PWREx_WKUP6_Callback
                0x2400549c                HAL_PWREx_WAKEUP_PIN_IRQHandler
                0x240054f0                HAL_PWREx_EnableBkUpReg
                0x24005520                HAL_PWREx_DisableBkUpReg
                0x24005550                HAL_PWREx_EnableUSBReg
                0x24005580                HAL_PWREx_DisableUSBReg
                0x240055b0                HAL_PWREx_EnableUSBVoltageDetector
                0x240055c0                HAL_PWREx_DisableUSBVoltageDetector
                0x240055d0                HAL_PWREx_EnableBatteryCharging
                0x240055ec                HAL_PWREx_DisableBatteryCharging
                0x240055fc                HAL_PWREx_EnableMonitoring
                0x2400560c                HAL_PWREx_DisableMonitoring
                0x2400561c                HAL_PWREx_GetTemperatureLevel
                0x2400563c                HAL_PWREx_GetVBATLevel
                0x2400565c                HAL_PWREx_ConfigAVD
                0x240056e4                HAL_PWREx_EnableAVD
                0x240056f4                HAL_PWREx_DisableAVD
                0x24005704                HAL_PWREx_AVDCallback
                0x24005706                HAL_PWREx_PVD_AVD_IRQHandler
 .text          0x24005754      0xca8 CMakeFiles/stm32h7-gfx-ext-loader.stldr.dir/src/lib/STM32H7xx_HAL_Driver/Src/stm32h7xx_hal_rcc.c.obj
                0x24005754                HAL_RCC_DeInit
                0x240058fc                HAL_RCC_OscConfig
                0x24005df0                HAL_RCC_MCOConfig
                0x24005e8c                HAL_RCC_EnableCSS
                0x24005e9c                HAL_RCC_DisableCSS
                0x24005eac                HAL_RCC_GetSysClockFreq
                0x24005ff0                HAL_RCC_ClockConfig
                0x2400623c                HAL_RCC_GetHCLKFreq
                0x24006280                HAL_RCC_GetPCLK1Freq
                0x240062a4                HAL_RCC_GetPCLK2Freq
                0x240062c8                HAL_RCC_GetOscConfig
                0x2400638c                HAL_RCC_GetClockConfig
                0x240063e0                HAL_RCC_CSSCallback
                0x240063e2                HAL_RCC_NMI_IRQHandler
 .text          0x240063fc     0x1668 CMakeFiles/stm32h7-gfx-ext-loader.stldr.dir/src/lib/STM32H7xx_HAL_Driver/Src/stm32h7xx_hal_rcc_ex.c.obj
                0x240065dc                HAL_RCCEx_PeriphCLKConfig
                0x24006f38                HAL_RCCEx_GetPeriphCLKConfig
                0x240070c0                HAL_RCCEx_GetD1PCLK1Freq
                0x240070e4                HAL_RCCEx_GetD3PCLK1Freq
                0x24007108                HAL_RCCEx_GetPLL2ClockFreq
                0x2400725c                HAL_RCCEx_GetPLL3ClockFreq
                0x240073b0                HAL_RCCEx_GetPLL1ClockFreq
                0x24007504                HAL_RCCEx_GetPeriphCLKFreq
                0x240077d0                HAL_RCCEx_GetD1SysClockFreq
                0x24007814                HAL_RCCEx_EnableLSECSS
                0x24007824                HAL_RCCEx_DisableLSECSS
                0x2400783c                HAL_RCCEx_EnableLSECSS_IT
                0x2400786c                HAL_RCCEx_WakeUpStopCLKConfig
                0x24007880                HAL_RCCEx_KerWakeUpStopCLKConfig
                0x24007894                HAL_RCCEx_WWDGxSysResetConfig
                0x240078a8                HAL_RCCEx_CRSConfig
                0x24007914                HAL_RCCEx_CRSSoftwareSynchronizationGenerate
                0x24007924                HAL_RCCEx_CRSGetSynchronizationInfo
                0x24007948                HAL_RCCEx_CRSWaitSynchronization
                0x240079cc                HAL_RCCEx_CRS_SyncOkCallback
                0x240079ce                HAL_RCCEx_CRS_SyncWarnCallback
                0x240079d0                HAL_RCCEx_CRS_ExpectedSyncCallback
                0x240079d2                HAL_RCCEx_CRS_ErrorCallback
                0x240079d4                HAL_RCCEx_CRS_IRQHandler
                0x24007a48                HAL_RCCEx_LSECSS_Callback
                0x24007a4a                HAL_RCCEx_LSECSS_IRQHandler
 .text          0x24007a64     0x2f3c CMakeFiles/stm32h7-gfx-ext-loader.stldr.dir/src/lib/STM32H7xx_HAL_Driver/Src/stm32h7xx_hal_tim.c.obj
                0x24007cbc                HAL_TIM_Base_MspInit
                0x24007cbe                HAL_TIM_Base_MspDeInit
                0x24007cc0                HAL_TIM_Base_DeInit
                0x24007d26                HAL_TIM_Base_Start
                0x24007dac                HAL_TIM_Base_Stop
                0x24007dd4                HAL_TIM_Base_Start_IT
                0x24007e60                HAL_TIM_Base_Stop_IT
                0x24007e90                HAL_TIM_Base_Start_DMA
                0x24007f58                HAL_TIM_Base_Stop_DMA
                0x24007f94                HAL_TIM_OC_MspInit
                0x24007f96                HAL_TIM_OC_MspDeInit
                0x24007f98                HAL_TIM_OC_DeInit
                0x24007ffe                HAL_TIM_PWM_MspInit
                0x24008000                HAL_TIM_PWM_MspDeInit
                0x24008002                HAL_TIM_PWM_DeInit
                0x24008068                HAL_TIM_IC_MspInit
                0x2400806a                HAL_TIM_IC_MspDeInit
                0x2400806c                HAL_TIM_IC_DeInit
                0x240080d2                HAL_TIM_OnePulse_MspInit
                0x240080d4                HAL_TIM_OnePulse_MspDeInit
                0x240080d6                HAL_TIM_OnePulse_DeInit
                0x24008124                HAL_TIM_OnePulse_Start
                0x240081c0                HAL_TIM_OnePulse_Stop
                0x24008254                HAL_TIM_OnePulse_Start_IT
                0x24008300                HAL_TIM_OnePulse_Stop_IT
                0x240083a4                HAL_TIM_Encoder_MspInit
                0x240083a6                HAL_TIM_Encoder_MspDeInit
                0x240083a8                HAL_TIM_Encoder_DeInit
                0x240083f6                HAL_TIM_Encoder_Start
                0x240084a8                HAL_TIM_Encoder_Stop
                0x2400851a                HAL_TIM_Encoder_Start_IT
                0x240085f4                HAL_TIM_Encoder_Stop_IT
                0x2400868c                HAL_TIM_Encoder_Start_DMA
                0x24008840                HAL_TIM_Encoder_Stop_DMA
                0x240088f6                HAL_TIM_DMABurst_MultiWriteStart
                0x240089c8                HAL_TIM_DMABurst_WriteStart
                0x240089dc                HAL_TIM_DMABurst_WriteStop
                0x24008a44                HAL_TIM_DMABurst_MultiReadStart
                0x24008b18                HAL_TIM_DMABurst_ReadStart
                0x24008b2c                HAL_TIM_DMABurst_ReadStop
                0x24008b30                HAL_TIM_GenerateEvent
                0x24008b52                HAL_TIM_ConfigTI1Input
                0x24008b62                HAL_TIM_ReadCapturedValue
                0x24008b8e                HAL_TIM_PeriodElapsedCallback
                0x24008ba6                HAL_TIM_PeriodElapsedHalfCpltCallback
                0x24008bb2                HAL_TIM_OC_DelayElapsedCallback
                0x24008bb4                HAL_TIM_IC_CaptureCallback
                0x24008bb6                TIM_DMACaptureCplt
                0x24008c30                HAL_TIM_IC_CaptureHalfCpltCallback
                0x24008c32                TIM_DMACaptureHalfCplt
                0x24008c6a                HAL_TIM_PWM_PulseFinishedCallback
                0x24008cd6                HAL_TIM_PWM_PulseFinishedHalfCpltCallback
                0x24008cd8                TIM_DMADelayPulseHalfCplt
                0x24008d10                HAL_TIM_TriggerCallback
                0x24008d12                HAL_TIM_IRQHandler
                0x24008e88                HAL_TIM_TriggerHalfCpltCallback
                0x24008e94                HAL_TIM_ErrorCallback
                0x24008e96                TIM_DMAError
                0x24008ef0                HAL_TIM_Base_GetState
                0x24008ef6                HAL_TIM_OC_GetState
                0x24008efc                HAL_TIM_PWM_GetState
                0x24008f02                HAL_TIM_IC_GetState
                0x24008f08                HAL_TIM_OnePulse_GetState
                0x24008f0e                HAL_TIM_Encoder_GetState
                0x24008f14                HAL_TIM_GetActiveChannel
                0x24008f18                HAL_TIM_GetChannelState
                0x24008f52                HAL_TIM_DMABurstState
                0x24008f58                TIM_Base_SetConfig
                0x24009034                HAL_TIM_Base_Init
                0x24009094                HAL_TIM_OC_Init
                0x240090f4                HAL_TIM_PWM_Init
                0x24009154                HAL_TIM_IC_Init
                0x240091b4                HAL_TIM_OnePulse_Init
                0x2400920e                HAL_TIM_Encoder_Init
                0x240092b6                TIM_OC2_SetConfig
                0x24009340                HAL_TIM_OC_ConfigChannel
                0x240093a4                HAL_TIM_PWM_ConfigChannel
                0x2400949c                TIM_TI1_SetConfig
                0x24009520                HAL_TIM_IC_ConfigChannel
                0x24009646                HAL_TIM_OnePulse_ConfigChannel
                0x24009760                TIM_ETR_SetConfig
                0x24009774                HAL_TIM_ConfigOCrefClear
                0x24009872                HAL_TIM_ConfigClockSource
                0x24009af4                HAL_TIM_SlaveConfigSynchro_IT
                0x24009b42                HAL_TIM_SlaveConfigSynchro
                0x24009b90                TIM_CCxChannelCmd
                0x24009bac                HAL_TIM_OC_Start
                0x24009cdc                HAL_TIM_PWM_Start
                0x24009ce0                HAL_TIM_OC_Stop
                0x24009d90                HAL_TIM_PWM_Stop
                0x24009d94                HAL_TIM_OC_Start_IT
                0x24009ee8                HAL_TIM_PWM_Start_IT
                0x24009eec                HAL_TIM_OC_Stop_IT
                0x24009fd8                HAL_TIM_PWM_Stop_IT
                0x24009fdc                HAL_TIM_OC_Start_DMA
                0x2400a204                HAL_TIM_PWM_Start_DMA
                0x2400a208                HAL_TIM_OC_Stop_DMA
                0x2400a308                HAL_TIM_PWM_Stop_DMA
                0x2400a30c                HAL_TIM_IC_Start
                0x2400a434                HAL_TIM_IC_Stop
                0x2400a4ae                HAL_TIM_IC_Start_IT
                0x2400a604                HAL_TIM_IC_Stop_IT
                0x2400a6bc                HAL_TIM_IC_Start_DMA
                0x2400a8dc                HAL_TIM_IC_Stop_DMA
 .text          0x2400a9a0     0x1108 CMakeFiles/stm32h7-gfx-ext-loader.stldr.dir/src/lib/STM32H7xx_HAL_Driver/Src/stm32h7xx_hal_tim_ex.c.obj
                0x2400aa68                HAL_TIMEx_HallSensor_MspInit
                0x2400aa6a                HAL_TIMEx_HallSensor_Init
                0x2400ab34                HAL_TIMEx_HallSensor_MspDeInit
                0x2400ab36                HAL_TIMEx_HallSensor_DeInit
                0x2400ab84                HAL_TIMEx_HallSensor_Start
                0x2400ac40                HAL_TIMEx_HallSensor_Stop
                0x2400ac82                HAL_TIMEx_HallSensor_Start_IT
                0x2400ad48                HAL_TIMEx_HallSensor_Stop_IT
                0x2400ad92                HAL_TIMEx_HallSensor_Start_DMA
                0x2400ae7c                HAL_TIMEx_HallSensor_Stop_DMA
                0x2400aec6                HAL_TIMEx_OCN_Start
                0x2400af94                HAL_TIMEx_OCN_Stop
                0x2400b000                HAL_TIMEx_OCN_Start_IT
                0x2400b0f0                HAL_TIMEx_OCN_Stop_IT
                0x2400b19e                HAL_TIMEx_OCN_Start_DMA
                0x2400b328                HAL_TIMEx_OCN_Stop_DMA
                0x2400b3d2                HAL_TIMEx_PWMN_Start
                0x2400b3d6                HAL_TIMEx_PWMN_Stop
                0x2400b3da                HAL_TIMEx_PWMN_Start_IT
                0x2400b3de                HAL_TIMEx_PWMN_Stop_IT
                0x2400b3e2                HAL_TIMEx_PWMN_Start_DMA
                0x2400b3e6                HAL_TIMEx_PWMN_Stop_DMA
                0x2400b3ea                HAL_TIMEx_OnePulseN_Start
                0x2400b454                HAL_TIMEx_OnePulseN_Stop
                0x2400b4c0                HAL_TIMEx_OnePulseN_Start_IT
                0x2400b53a                HAL_TIMEx_OnePulseN_Stop_IT
                0x2400b5b6                HAL_TIMEx_ConfigCommutEvent
                0x2400b61e                HAL_TIMEx_ConfigCommutEvent_IT
                0x2400b686                HAL_TIMEx_ConfigCommutEvent_DMA
                0x2400b708                HAL_TIMEx_MasterConfigSynchronization
                0x2400b7ac                HAL_TIMEx_ConfigBreakDeadTime
                0x2400b85c                HAL_TIMEx_ConfigBreakInput
                0x2400b900                HAL_TIMEx_RemapConfig
                0x2400b922                HAL_TIMEx_TISelection
                0x2400b978                HAL_TIMEx_GroupChannel5
                0x2400b9a6                HAL_TIMEx_DisarmBreakInput
                0x2400b9ec                HAL_TIMEx_ReArmBreakInput
                0x2400ba56                HAL_TIMEx_CommutCallback
                0x2400ba58                TIMEx_DMACommutationCplt
                0x2400ba68                HAL_TIMEx_CommutHalfCpltCallback
                0x2400ba6a                TIMEx_DMACommutationHalfCplt
                0x2400ba7a                HAL_TIMEx_BreakCallback
                0x2400ba7c                HAL_TIMEx_Break2Callback
                0x2400ba7e                HAL_TIMEx_HallSensor_GetState
                0x2400ba84                HAL_TIMEx_GetChannelNState
 *(.text*)
 .text.memset   0x2400baa8       0x10 C:/ST/STM32CubeCLT_1.16.0/GNU-tools-for-STM32/bin/../lib/gcc/arm-none-eabi/12.3.1/../../../../arm-none-eabi/lib/thumb/v7e-m+dp/hard\libc.a(libc_a-memset.o)
                0x2400baa8                memset
 *(.init)
 *(.fini)
                0x2400bab8                        . = ALIGN (0x4)
                0x2400bab8                        _etext = .

.glue_7         0x2400bab8        0x0
 .glue_7        0x2400bab8        0x0 linker stubs

.glue_7t        0x2400bab8        0x0
 .glue_7t       0x2400bab8        0x0 linker stubs

.vfp11_veneer   0x2400bab8        0x0
 .vfp11_veneer  0x2400bab8        0x0 linker stubs

.v4_bx          0x2400bab8        0x0
 .v4_bx         0x2400bab8        0x0 linker stubs

.iplt           0x2400bab8        0x0
 .iplt          0x2400bab8        0x0 CMakeFiles/stm32h7-gfx-ext-loader.stldr.dir/src/bsp/bsp.c.obj

.Dev_info       0x2400bab8       0xc8
 *src/ap/Dev_Inf.c.obj(.rodata)
 .rodata        0x2400bab8       0xc8 CMakeFiles/stm32h7-gfx-ext-loader.stldr.dir/src/ap/Dev_Inf.c.obj
                0x2400bab8                StorageInfo

.rodata         0x2400bb80       0x4c
                0x2400bb80                        . = ALIGN (0x4)
 *(.rodata)
 .rodata        0x2400bb80       0x10 CMakeFiles/stm32h7-gfx-ext-loader.stldr.dir/src/bsp/device/system_stm32h7xx.c.obj
                0x2400bb80                D1CorePrescTable
 .rodata        0x2400bb90        0x8 CMakeFiles/stm32h7-gfx-ext-loader.stldr.dir/src/lib/STM32H7xx_HAL_Driver/Src/stm32h7xx_hal_dma.c.obj
 .rodata        0x2400bb98        0x3 CMakeFiles/stm32h7-gfx-ext-loader.stldr.dir/src/lib/STM32H7xx_HAL_Driver/Src/stm32h7xx_hal_mdma.c.obj
 *fill*         0x2400bb9b        0x1 
 .rodata        0x2400bb9c       0x30 CMakeFiles/stm32h7-gfx-ext-loader.stldr.dir/src/lib/STM32H7xx_HAL_Driver/Src/stm32h7xx_hal_tim_ex.c.obj
 *(.rodata*)
                0x2400bbcc                        . = ALIGN (0x4)

.rel.dyn        0x2400bbcc        0x0
 .rel.iplt      0x2400bbcc        0x0 CMakeFiles/stm32h7-gfx-ext-loader.stldr.dir/src/bsp/bsp.c.obj

.ARM.extab
 *(.ARM.extab* .gnu.linkonce.armextab.*)

.ARM            0x2400bbcc        0x0
                0x2400bbcc                        __exidx_start = .
 *(.ARM.exidx*)
                0x2400bbcc                        __exidx_end = .

.preinit_array  0x2400bbcc        0x0
                [!provide]                        PROVIDE (__preinit_array_start = .)
 *(.preinit_array*)
                [!provide]                        PROVIDE (__preinit_array_end = .)

.init_array     0x2400bbcc        0x0
                [!provide]                        PROVIDE (__init_array_start = .)
 *(SORT_BY_NAME(.init_array.*))
 *(.init_array*)
                [!provide]                        PROVIDE (__init_array_end = .)

.fini_array     0x2400bbcc        0x0
                [!provide]                        PROVIDE (__fini_array_start = .)
 *(SORT_BY_NAME(.fini_array.*))
 *(.fini_array*)
                [!provide]                        PROVIDE (__fini_array_end = .)
                0x2400bbcc                        _sidata = LOADADDR (.data)

.data           0x2400bbcc       0x18
                0x2400bbcc                        . = ALIGN (0x4)
                0x2400bbcc                        _sdata = .
 *(.data)
 .data          0x2400bbcc        0x8 CMakeFiles/stm32h7-gfx-ext-loader.stldr.dir/src/bsp/device/system_stm32h7xx.c.obj
                0x2400bbcc                SystemD2Clock
                0x2400bbd0                SystemCoreClock
 .data          0x2400bbd4        0x8 CMakeFiles/stm32h7-gfx-ext-loader.stldr.dir/src/hw/driver/led.c.obj
 .data          0x2400bbdc        0x8 CMakeFiles/stm32h7-gfx-ext-loader.stldr.dir/src/lib/STM32H7xx_HAL_Driver/Src/stm32h7xx_hal.c.obj
                0x2400bbdc                uwTickFreq
                0x2400bbe0                uwTickPrio
 *(.data*)
 *(.RamFunc)
 *(.RamFunc*)
                0x2400bbe4                        . = ALIGN (0x4)
                0x2400bbe4                        _edata = .

.igot.plt       0x2400bbe4        0x0
 .igot.plt      0x2400bbe4        0x0 CMakeFiles/stm32h7-gfx-ext-loader.stldr.dir/src/bsp/bsp.c.obj
                0x2400bbe4                        . = ALIGN (0x4)

.bss            0x2400bbe4       0xb0
                0x2400bbe4                        _sbss = .
                0x2400bbe4                        __bss_start__ = _sbss
 *(.bss)
 .bss           0x2400bbe4       0x4c CMakeFiles/stm32h7-gfx-ext-loader.stldr.dir/src/bsp/bsp.c.obj
 .bss           0x2400bc30       0x5d CMakeFiles/stm32h7-gfx-ext-loader.stldr.dir/src/hw/driver/qspi.c.obj
 *fill*         0x2400bc8d        0x3 
 .bss           0x2400bc90        0x4 CMakeFiles/stm32h7-gfx-ext-loader.stldr.dir/src/lib/STM32H7xx_HAL_Driver/Src/stm32h7xx_hal.c.obj
                0x2400bc90                uwTick
 *(.bss*)
 *(COMMON)
                0x2400bc94                        . = ALIGN (0x4)
                0x2400bc94                        _ebss = .
                0x2400bc94                        __bss_end__ = _ebss

/DISCARD/
 libc.a(*)
 libm.a(*)
 libgcc.a(*)

.ARM.attributes
                0x00000000       0x32
 *(.ARM.attributes)
 .ARM.attributes
                0x00000000       0x32 CMakeFiles/stm32h7-gfx-ext-loader.stldr.dir/src/bsp/bsp.c.obj
 .ARM.attributes
                0x00000032       0x32 CMakeFiles/stm32h7-gfx-ext-loader.stldr.dir/src/bsp/device/system_stm32h7xx.c.obj
 .ARM.attributes
                0x00000064       0x32 CMakeFiles/stm32h7-gfx-ext-loader.stldr.dir/src/ap/Dev_Inf.c.obj
 .ARM.attributes
                0x00000096       0x32 CMakeFiles/stm32h7-gfx-ext-loader.stldr.dir/src/ap/Loader_Src.c.obj
 .ARM.attributes
                0x000000c8       0x32 CMakeFiles/stm32h7-gfx-ext-loader.stldr.dir/src/hw/driver/led.c.obj
 .ARM.attributes
                0x000000fa       0x32 CMakeFiles/stm32h7-gfx-ext-loader.stldr.dir/src/hw/driver/qspi.c.obj
 .ARM.attributes
                0x0000012c       0x32 CMakeFiles/stm32h7-gfx-ext-loader.stldr.dir/src/hw/hw.c.obj
 .ARM.attributes
                0x0000015e       0x32 CMakeFiles/stm32h7-gfx-ext-loader.stldr.dir/src/lib/STM32H7xx_HAL_Driver/Src/stm32h7xx_hal.c.obj
 .ARM.attributes
                0x00000190       0x32 CMakeFiles/stm32h7-gfx-ext-loader.stldr.dir/src/lib/STM32H7xx_HAL_Driver/Src/stm32h7xx_hal_cortex.c.obj
 .ARM.attributes
                0x000001c2       0x32 CMakeFiles/stm32h7-gfx-ext-loader.stldr.dir/src/lib/STM32H7xx_HAL_Driver/Src/stm32h7xx_hal_dma.c.obj
 .ARM.attributes
                0x000001f4       0x32 CMakeFiles/stm32h7-gfx-ext-loader.stldr.dir/src/lib/STM32H7xx_HAL_Driver/Src/stm32h7xx_hal_gpio.c.obj
 .ARM.attributes
                0x00000226       0x32 CMakeFiles/stm32h7-gfx-ext-loader.stldr.dir/src/lib/STM32H7xx_HAL_Driver/Src/stm32h7xx_hal_mdma.c.obj
 .ARM.attributes
                0x00000258       0x32 CMakeFiles/stm32h7-gfx-ext-loader.stldr.dir/src/lib/STM32H7xx_HAL_Driver/Src/stm32h7xx_hal_ospi.c.obj
 .ARM.attributes
                0x0000028a       0x32 CMakeFiles/stm32h7-gfx-ext-loader.stldr.dir/src/lib/STM32H7xx_HAL_Driver/Src/stm32h7xx_hal_pwr.c.obj
 .ARM.attributes
                0x000002bc       0x32 CMakeFiles/stm32h7-gfx-ext-loader.stldr.dir/src/lib/STM32H7xx_HAL_Driver/Src/stm32h7xx_hal_pwr_ex.c.obj
 .ARM.attributes
                0x000002ee       0x32 CMakeFiles/stm32h7-gfx-ext-loader.stldr.dir/src/lib/STM32H7xx_HAL_Driver/Src/stm32h7xx_hal_rcc.c.obj
 .ARM.attributes
                0x00000320       0x32 CMakeFiles/stm32h7-gfx-ext-loader.stldr.dir/src/lib/STM32H7xx_HAL_Driver/Src/stm32h7xx_hal_rcc_ex.c.obj
 .ARM.attributes
                0x00000352       0x32 CMakeFiles/stm32h7-gfx-ext-loader.stldr.dir/src/lib/STM32H7xx_HAL_Driver/Src/stm32h7xx_hal_tim.c.obj
 .ARM.attributes
                0x00000384       0x32 CMakeFiles/stm32h7-gfx-ext-loader.stldr.dir/src/lib/STM32H7xx_HAL_Driver/Src/stm32h7xx_hal_tim_ex.c.obj
 .ARM.attributes
                0x000003b6       0x32 C:/ST/STM32CubeCLT_1.16.0/GNU-tools-for-STM32/bin/../lib/gcc/arm-none-eabi/12.3.1/../../../../arm-none-eabi/lib/thumb/v7e-m+dp/hard\libc.a(libc_a-memset.o)
OUTPUT(stm32h7-gfx-ext-loader.stldr elf32-littlearm)
LOAD linker stubs
LOAD C:/ST/STM32CubeCLT_1.16.0/GNU-tools-for-STM32/bin/../lib/gcc/arm-none-eabi/12.3.1/../../../../arm-none-eabi/lib/thumb/v7e-m+dp/hard\libc.a
LOAD C:/ST/STM32CubeCLT_1.16.0/GNU-tools-for-STM32/bin/../lib/gcc/arm-none-eabi/12.3.1/../../../../arm-none-eabi/lib/thumb/v7e-m+dp/hard\libm.a
LOAD C:/ST/STM32CubeCLT_1.16.0/GNU-tools-for-STM32/bin/../lib/gcc/arm-none-eabi/12.3.1/thumb/v7e-m+dp/hard\libgcc.a

.comment        0x00000000       0x43
 .comment       0x00000000       0x43 CMakeFiles/stm32h7-gfx-ext-loader.stldr.dir/src/bsp/bsp.c.obj
                                 0x44 (size before relaxing)
 .comment       0x00000043       0x44 CMakeFiles/stm32h7-gfx-ext-loader.stldr.dir/src/bsp/device/system_stm32h7xx.c.obj
 .comment       0x00000043       0x44 CMakeFiles/stm32h7-gfx-ext-loader.stldr.dir/src/ap/Dev_Inf.c.obj
 .comment       0x00000043       0x44 CMakeFiles/stm32h7-gfx-ext-loader.stldr.dir/src/ap/Loader_Src.c.obj
 .comment       0x00000043       0x44 CMakeFiles/stm32h7-gfx-ext-loader.stldr.dir/src/hw/driver/led.c.obj
 .comment       0x00000043       0x44 CMakeFiles/stm32h7-gfx-ext-loader.stldr.dir/src/hw/driver/qspi.c.obj
 .comment       0x00000043       0x44 CMakeFiles/stm32h7-gfx-ext-loader.stldr.dir/src/hw/hw.c.obj
 .comment       0x00000043       0x44 CMakeFiles/stm32h7-gfx-ext-loader.stldr.dir/src/lib/STM32H7xx_HAL_Driver/Src/stm32h7xx_hal.c.obj
 .comment       0x00000043       0x44 CMakeFiles/stm32h7-gfx-ext-loader.stldr.dir/src/lib/STM32H7xx_HAL_Driver/Src/stm32h7xx_hal_cortex.c.obj
 .comment       0x00000043       0x44 CMakeFiles/stm32h7-gfx-ext-loader.stldr.dir/src/lib/STM32H7xx_HAL_Driver/Src/stm32h7xx_hal_dma.c.obj
 .comment       0x00000043       0x44 CMakeFiles/stm32h7-gfx-ext-loader.stldr.dir/src/lib/STM32H7xx_HAL_Driver/Src/stm32h7xx_hal_gpio.c.obj
 .comment       0x00000043       0x44 CMakeFiles/stm32h7-gfx-ext-loader.stldr.dir/src/lib/STM32H7xx_HAL_Driver/Src/stm32h7xx_hal_mdma.c.obj
 .comment       0x00000043       0x44 CMakeFiles/stm32h7-gfx-ext-loader.stldr.dir/src/lib/STM32H7xx_HAL_Driver/Src/stm32h7xx_hal_ospi.c.obj
 .comment       0x00000043       0x44 CMakeFiles/stm32h7-gfx-ext-loader.stldr.dir/src/lib/STM32H7xx_HAL_Driver/Src/stm32h7xx_hal_pwr.c.obj
 .comment       0x00000043       0x44 CMakeFiles/stm32h7-gfx-ext-loader.stldr.dir/src/lib/STM32H7xx_HAL_Driver/Src/stm32h7xx_hal_pwr_ex.c.obj
 .comment       0x00000043       0x44 CMakeFiles/stm32h7-gfx-ext-loader.stldr.dir/src/lib/STM32H7xx_HAL_Driver/Src/stm32h7xx_hal_rcc.c.obj
 .comment       0x00000043       0x44 CMakeFiles/stm32h7-gfx-ext-loader.stldr.dir/src/lib/STM32H7xx_HAL_Driver/Src/stm32h7xx_hal_rcc_ex.c.obj
 .comment       0x00000043       0x44 CMakeFiles/stm32h7-gfx-ext-loader.stldr.dir/src/lib/STM32H7xx_HAL_Driver/Src/stm32h7xx_hal_tim.c.obj
 .comment       0x00000043       0x44 CMakeFiles/stm32h7-gfx-ext-loader.stldr.dir/src/lib/STM32H7xx_HAL_Driver/Src/stm32h7xx_hal_tim_ex.c.obj

.debug_frame    0x00000000       0x20
 .debug_frame   0x00000000       0x20 C:/ST/STM32CubeCLT_1.16.0/GNU-tools-for-STM32/bin/../lib/gcc/arm-none-eabi/12.3.1/../../../../arm-none-eabi/lib/thumb/v7e-m+dp/hard\libc.a(libc_a-memset.o)

Cross Reference Table

Symbol                                            File
BSP_QSPI_Config                                   CMakeFiles/stm32h7-gfx-ext-loader.stldr.dir/src/hw/driver/qspi.c.obj
BSP_QSPI_DeInit                                   CMakeFiles/stm32h7-gfx-ext-loader.stldr.dir/src/hw/driver/qspi.c.obj
BSP_QSPI_EnableMemoryMappedMode                   CMakeFiles/stm32h7-gfx-ext-loader.stldr.dir/src/hw/driver/qspi.c.obj
BSP_QSPI_Erase_Block                              CMakeFiles/stm32h7-gfx-ext-loader.stldr.dir/src/hw/driver/qspi.c.obj
BSP_QSPI_Erase_Chip                               CMakeFiles/stm32h7-gfx-ext-loader.stldr.dir/src/hw/driver/qspi.c.obj
BSP_QSPI_Erase_Sector                             CMakeFiles/stm32h7-gfx-ext-loader.stldr.dir/src/hw/driver/qspi.c.obj
BSP_QSPI_GetID                                    CMakeFiles/stm32h7-gfx-ext-loader.stldr.dir/src/hw/driver/qspi.c.obj
BSP_QSPI_GetInfo                                  CMakeFiles/stm32h7-gfx-ext-loader.stldr.dir/src/hw/driver/qspi.c.obj
BSP_QSPI_GetStatus                                CMakeFiles/stm32h7-gfx-ext-loader.stldr.dir/src/hw/driver/qspi.c.obj
BSP_QSPI_Init                                     CMakeFiles/stm32h7-gfx-ext-loader.stldr.dir/src/hw/driver/qspi.c.obj
BSP_QSPI_Read                                     CMakeFiles/stm32h7-gfx-ext-loader.stldr.dir/src/hw/driver/qspi.c.obj
BSP_QSPI_Reset                                    CMakeFiles/stm32h7-gfx-ext-loader.stldr.dir/src/hw/driver/qspi.c.obj
BSP_QSPI_Write                                    CMakeFiles/stm32h7-gfx-ext-loader.stldr.dir/src/hw/driver/qspi.c.obj
BusFault_Handler_C                                CMakeFiles/stm32h7-gfx-ext-loader.stldr.dir/src/bsp/device/stm32h7xx_it.c.obj
CheckSum                                          CMakeFiles/stm32h7-gfx-ext-loader.stldr.dir/src/ap/Loader_Src.c.obj
D1CorePrescTable                                  CMakeFiles/stm32h7-gfx-ext-loader.stldr.dir/src/bsp/device/system_stm32h7xx.c.obj
                                                  CMakeFiles/stm32h7-gfx-ext-loader.stldr.dir/src/lib/STM32H7xx_HAL_Driver/Src/stm32h7xx_ll_utils.c.obj
                                                  CMakeFiles/stm32h7-gfx-ext-loader.stldr.dir/src/lib/STM32H7xx_HAL_Driver/Src/stm32h7xx_hal_rcc_ex.c.obj
                                                  CMakeFiles/stm32h7-gfx-ext-loader.stldr.dir/src/lib/STM32H7xx_HAL_Driver/Src/stm32h7xx_hal_rcc.c.obj
                                                  CMakeFiles/stm32h7-gfx-ext-loader.stldr.dir/src/lib/STM32H7xx_HAL_Driver/Src/stm32h7xx_hal.c.obj
DebugMon_Handler                                  CMakeFiles/stm32h7-gfx-ext-loader.stldr.dir/src/bsp/device/stm32h7xx_it.c.obj
DelayBlock_Configure                              CMakeFiles/stm32h7-gfx-ext-loader.stldr.dir/src/lib/STM32H7xx_HAL_Driver/Src/stm32h7xx_ll_delayblock.c.obj
DelayBlock_Disable                                CMakeFiles/stm32h7-gfx-ext-loader.stldr.dir/src/lib/STM32H7xx_HAL_Driver/Src/stm32h7xx_ll_delayblock.c.obj
DelayBlock_Enable                                 CMakeFiles/stm32h7-gfx-ext-loader.stldr.dir/src/lib/STM32H7xx_HAL_Driver/Src/stm32h7xx_ll_delayblock.c.obj
Error_Handler                                     CMakeFiles/stm32h7-gfx-ext-loader.stldr.dir/src/bsp/bsp.c.obj
                                                  CMakeFiles/stm32h7-gfx-ext-loader.stldr.dir/src/hw/driver/qspi.c.obj
FLASH_CRC_WaitForLastOperation                    CMakeFiles/stm32h7-gfx-ext-loader.stldr.dir/src/lib/STM32H7xx_HAL_Driver/Src/stm32h7xx_hal_flash.c.obj
                                                  CMakeFiles/stm32h7-gfx-ext-loader.stldr.dir/src/lib/STM32H7xx_HAL_Driver/Src/stm32h7xx_hal_flash_ex.c.obj
FLASH_Erase_Sector                                CMakeFiles/stm32h7-gfx-ext-loader.stldr.dir/src/lib/STM32H7xx_HAL_Driver/Src/stm32h7xx_hal_flash_ex.c.obj
                                                  CMakeFiles/stm32h7-gfx-ext-loader.stldr.dir/src/lib/STM32H7xx_HAL_Driver/Src/stm32h7xx_hal_flash.c.obj
FLASH_OB_WaitForLastOperation                     CMakeFiles/stm32h7-gfx-ext-loader.stldr.dir/src/lib/STM32H7xx_HAL_Driver/Src/stm32h7xx_hal_flash.c.obj
                                                  CMakeFiles/stm32h7-gfx-ext-loader.stldr.dir/src/lib/STM32H7xx_HAL_Driver/Src/stm32h7xx_hal_flash_ex.c.obj
FLASH_WaitForLastOperation                        CMakeFiles/stm32h7-gfx-ext-loader.stldr.dir/src/lib/STM32H7xx_HAL_Driver/Src/stm32h7xx_hal_flash.c.obj
                                                  CMakeFiles/stm32h7-gfx-ext-loader.stldr.dir/src/lib/STM32H7xx_HAL_Driver/Src/stm32h7xx_hal_flash_ex.c.obj
FMC_NAND_AttributeSpace_Timing_Init               CMakeFiles/stm32h7-gfx-ext-loader.stldr.dir/src/lib/STM32H7xx_HAL_Driver/Src/stm32h7xx_ll_fmc.c.obj
FMC_NAND_CommonSpace_Timing_Init                  CMakeFiles/stm32h7-gfx-ext-loader.stldr.dir/src/lib/STM32H7xx_HAL_Driver/Src/stm32h7xx_ll_fmc.c.obj
FMC_NAND_DeInit                                   CMakeFiles/stm32h7-gfx-ext-loader.stldr.dir/src/lib/STM32H7xx_HAL_Driver/Src/stm32h7xx_ll_fmc.c.obj
FMC_NAND_ECC_Disable                              CMakeFiles/stm32h7-gfx-ext-loader.stldr.dir/src/lib/STM32H7xx_HAL_Driver/Src/stm32h7xx_ll_fmc.c.obj
FMC_NAND_ECC_Enable                               CMakeFiles/stm32h7-gfx-ext-loader.stldr.dir/src/lib/STM32H7xx_HAL_Driver/Src/stm32h7xx_ll_fmc.c.obj
FMC_NAND_GetECC                                   CMakeFiles/stm32h7-gfx-ext-loader.stldr.dir/src/lib/STM32H7xx_HAL_Driver/Src/stm32h7xx_ll_fmc.c.obj
FMC_NAND_Init                                     CMakeFiles/stm32h7-gfx-ext-loader.stldr.dir/src/lib/STM32H7xx_HAL_Driver/Src/stm32h7xx_ll_fmc.c.obj
FMC_NORSRAM_DeInit                                CMakeFiles/stm32h7-gfx-ext-loader.stldr.dir/src/lib/STM32H7xx_HAL_Driver/Src/stm32h7xx_ll_fmc.c.obj
                                                  CMakeFiles/stm32h7-gfx-ext-loader.stldr.dir/src/lib/STM32H7xx_HAL_Driver/Src/stm32h7xx_hal_sram.c.obj
FMC_NORSRAM_Extended_Timing_Init                  CMakeFiles/stm32h7-gfx-ext-loader.stldr.dir/src/lib/STM32H7xx_HAL_Driver/Src/stm32h7xx_ll_fmc.c.obj
                                                  CMakeFiles/stm32h7-gfx-ext-loader.stldr.dir/src/lib/STM32H7xx_HAL_Driver/Src/stm32h7xx_hal_sram.c.obj
FMC_NORSRAM_Init                                  CMakeFiles/stm32h7-gfx-ext-loader.stldr.dir/src/lib/STM32H7xx_HAL_Driver/Src/stm32h7xx_ll_fmc.c.obj
                                                  CMakeFiles/stm32h7-gfx-ext-loader.stldr.dir/src/lib/STM32H7xx_HAL_Driver/Src/stm32h7xx_hal_sram.c.obj
FMC_NORSRAM_Timing_Init                           CMakeFiles/stm32h7-gfx-ext-loader.stldr.dir/src/lib/STM32H7xx_HAL_Driver/Src/stm32h7xx_ll_fmc.c.obj
                                                  CMakeFiles/stm32h7-gfx-ext-loader.stldr.dir/src/lib/STM32H7xx_HAL_Driver/Src/stm32h7xx_hal_sram.c.obj
FMC_NORSRAM_WriteOperation_Disable                CMakeFiles/stm32h7-gfx-ext-loader.stldr.dir/src/lib/STM32H7xx_HAL_Driver/Src/stm32h7xx_ll_fmc.c.obj
                                                  CMakeFiles/stm32h7-gfx-ext-loader.stldr.dir/src/lib/STM32H7xx_HAL_Driver/Src/stm32h7xx_hal_sram.c.obj
FMC_NORSRAM_WriteOperation_Enable                 CMakeFiles/stm32h7-gfx-ext-loader.stldr.dir/src/lib/STM32H7xx_HAL_Driver/Src/stm32h7xx_ll_fmc.c.obj
                                                  CMakeFiles/stm32h7-gfx-ext-loader.stldr.dir/src/lib/STM32H7xx_HAL_Driver/Src/stm32h7xx_hal_sram.c.obj
FMC_SDRAM_DeInit                                  CMakeFiles/stm32h7-gfx-ext-loader.stldr.dir/src/lib/STM32H7xx_HAL_Driver/Src/stm32h7xx_ll_fmc.c.obj
                                                  CMakeFiles/stm32h7-gfx-ext-loader.stldr.dir/src/lib/STM32H7xx_HAL_Driver/Src/stm32h7xx_hal_sdram.c.obj
FMC_SDRAM_GetModeStatus                           CMakeFiles/stm32h7-gfx-ext-loader.stldr.dir/src/lib/STM32H7xx_HAL_Driver/Src/stm32h7xx_ll_fmc.c.obj
                                                  CMakeFiles/stm32h7-gfx-ext-loader.stldr.dir/src/lib/STM32H7xx_HAL_Driver/Src/stm32h7xx_hal_sdram.c.obj
FMC_SDRAM_Init                                    CMakeFiles/stm32h7-gfx-ext-loader.stldr.dir/src/lib/STM32H7xx_HAL_Driver/Src/stm32h7xx_ll_fmc.c.obj
                                                  CMakeFiles/stm32h7-gfx-ext-loader.stldr.dir/src/lib/STM32H7xx_HAL_Driver/Src/stm32h7xx_hal_sdram.c.obj
FMC_SDRAM_ProgramRefreshRate                      CMakeFiles/stm32h7-gfx-ext-loader.stldr.dir/src/lib/STM32H7xx_HAL_Driver/Src/stm32h7xx_ll_fmc.c.obj
                                                  CMakeFiles/stm32h7-gfx-ext-loader.stldr.dir/src/lib/STM32H7xx_HAL_Driver/Src/stm32h7xx_hal_sdram.c.obj
FMC_SDRAM_SendCommand                             CMakeFiles/stm32h7-gfx-ext-loader.stldr.dir/src/lib/STM32H7xx_HAL_Driver/Src/stm32h7xx_ll_fmc.c.obj
                                                  CMakeFiles/stm32h7-gfx-ext-loader.stldr.dir/src/lib/STM32H7xx_HAL_Driver/Src/stm32h7xx_hal_sdram.c.obj
FMC_SDRAM_SetAutoRefreshNumber                    CMakeFiles/stm32h7-gfx-ext-loader.stldr.dir/src/lib/STM32H7xx_HAL_Driver/Src/stm32h7xx_ll_fmc.c.obj
                                                  CMakeFiles/stm32h7-gfx-ext-loader.stldr.dir/src/lib/STM32H7xx_HAL_Driver/Src/stm32h7xx_hal_sdram.c.obj
FMC_SDRAM_Timing_Init                             CMakeFiles/stm32h7-gfx-ext-loader.stldr.dir/src/lib/STM32H7xx_HAL_Driver/Src/stm32h7xx_ll_fmc.c.obj
                                                  CMakeFiles/stm32h7-gfx-ext-loader.stldr.dir/src/lib/STM32H7xx_HAL_Driver/Src/stm32h7xx_hal_sdram.c.obj
FMC_SDRAM_WriteProtection_Disable                 CMakeFiles/stm32h7-gfx-ext-loader.stldr.dir/src/lib/STM32H7xx_HAL_Driver/Src/stm32h7xx_ll_fmc.c.obj
                                                  CMakeFiles/stm32h7-gfx-ext-loader.stldr.dir/src/lib/STM32H7xx_HAL_Driver/Src/stm32h7xx_hal_sdram.c.obj
FMC_SDRAM_WriteProtection_Enable                  CMakeFiles/stm32h7-gfx-ext-loader.stldr.dir/src/lib/STM32H7xx_HAL_Driver/Src/stm32h7xx_ll_fmc.c.obj
                                                  CMakeFiles/stm32h7-gfx-ext-loader.stldr.dir/src/lib/STM32H7xx_HAL_Driver/Src/stm32h7xx_hal_sdram.c.obj
HAL_DBGMCU_DisableDBGSleepMode                    CMakeFiles/stm32h7-gfx-ext-loader.stldr.dir/src/lib/STM32H7xx_HAL_Driver/Src/stm32h7xx_hal.c.obj
HAL_DBGMCU_DisableDBGStandbyMode                  CMakeFiles/stm32h7-gfx-ext-loader.stldr.dir/src/lib/STM32H7xx_HAL_Driver/Src/stm32h7xx_hal.c.obj
HAL_DBGMCU_DisableDBGStopMode                     CMakeFiles/stm32h7-gfx-ext-loader.stldr.dir/src/lib/STM32H7xx_HAL_Driver/Src/stm32h7xx_hal.c.obj
HAL_DBGMCU_EnableDBGSleepMode                     CMakeFiles/stm32h7-gfx-ext-loader.stldr.dir/src/lib/STM32H7xx_HAL_Driver/Src/stm32h7xx_hal.c.obj
HAL_DBGMCU_EnableDBGStandbyMode                   CMakeFiles/stm32h7-gfx-ext-loader.stldr.dir/src/lib/STM32H7xx_HAL_Driver/Src/stm32h7xx_hal.c.obj
HAL_DBGMCU_EnableDBGStopMode                      CMakeFiles/stm32h7-gfx-ext-loader.stldr.dir/src/lib/STM32H7xx_HAL_Driver/Src/stm32h7xx_hal.c.obj
HAL_DMAEx_ChangeMemory                            CMakeFiles/stm32h7-gfx-ext-loader.stldr.dir/src/lib/STM32H7xx_HAL_Driver/Src/stm32h7xx_hal_dma_ex.c.obj
HAL_DMAEx_ConfigMuxRequestGenerator               CMakeFiles/stm32h7-gfx-ext-loader.stldr.dir/src/lib/STM32H7xx_HAL_Driver/Src/stm32h7xx_hal_dma_ex.c.obj
HAL_DMAEx_ConfigMuxSync                           CMakeFiles/stm32h7-gfx-ext-loader.stldr.dir/src/lib/STM32H7xx_HAL_Driver/Src/stm32h7xx_hal_dma_ex.c.obj
HAL_DMAEx_DisableMuxRequestGenerator              CMakeFiles/stm32h7-gfx-ext-loader.stldr.dir/src/lib/STM32H7xx_HAL_Driver/Src/stm32h7xx_hal_dma_ex.c.obj
HAL_DMAEx_EnableMuxRequestGenerator               CMakeFiles/stm32h7-gfx-ext-loader.stldr.dir/src/lib/STM32H7xx_HAL_Driver/Src/stm32h7xx_hal_dma_ex.c.obj
HAL_DMAEx_MUX_IRQHandler                          CMakeFiles/stm32h7-gfx-ext-loader.stldr.dir/src/lib/STM32H7xx_HAL_Driver/Src/stm32h7xx_hal_dma_ex.c.obj
HAL_DMAEx_MultiBufferStart                        CMakeFiles/stm32h7-gfx-ext-loader.stldr.dir/src/lib/STM32H7xx_HAL_Driver/Src/stm32h7xx_hal_dma_ex.c.obj
HAL_DMAEx_MultiBufferStart_IT                     CMakeFiles/stm32h7-gfx-ext-loader.stldr.dir/src/lib/STM32H7xx_HAL_Driver/Src/stm32h7xx_hal_dma_ex.c.obj
HAL_DMA_Abort                                     CMakeFiles/stm32h7-gfx-ext-loader.stldr.dir/src/lib/STM32H7xx_HAL_Driver/Src/stm32h7xx_hal_dma.c.obj
                                                  CMakeFiles/stm32h7-gfx-ext-loader.stldr.dir/src/lib/STM32H7xx_HAL_Driver/Src/stm32h7xx_hal_uart.c.obj
                                                  CMakeFiles/stm32h7-gfx-ext-loader.stldr.dir/src/lib/STM32H7xx_HAL_Driver/Src/stm32h7xx_hal_spi.c.obj
                                                  CMakeFiles/stm32h7-gfx-ext-loader.stldr.dir/src/lib/STM32H7xx_HAL_Driver/Src/stm32h7xx_hal_sai.c.obj
                                                  CMakeFiles/stm32h7-gfx-ext-loader.stldr.dir/src/lib/STM32H7xx_HAL_Driver/Src/stm32h7xx_hal_i2s.c.obj
HAL_DMA_Abort_IT                                  CMakeFiles/stm32h7-gfx-ext-loader.stldr.dir/src/lib/STM32H7xx_HAL_Driver/Src/stm32h7xx_hal_dma.c.obj
                                                  CMakeFiles/stm32h7-gfx-ext-loader.stldr.dir/src/lib/STM32H7xx_HAL_Driver/Src/stm32h7xx_hal_uart.c.obj
                                                  CMakeFiles/stm32h7-gfx-ext-loader.stldr.dir/src/lib/STM32H7xx_HAL_Driver/Src/stm32h7xx_hal_tim_ex.c.obj
                                                  CMakeFiles/stm32h7-gfx-ext-loader.stldr.dir/src/lib/STM32H7xx_HAL_Driver/Src/stm32h7xx_hal_tim.c.obj
                                                  CMakeFiles/stm32h7-gfx-ext-loader.stldr.dir/src/lib/STM32H7xx_HAL_Driver/Src/stm32h7xx_hal_spi.c.obj
                                                  CMakeFiles/stm32h7-gfx-ext-loader.stldr.dir/src/lib/STM32H7xx_HAL_Driver/Src/stm32h7xx_hal_sai.c.obj
                                                  CMakeFiles/stm32h7-gfx-ext-loader.stldr.dir/src/lib/STM32H7xx_HAL_Driver/Src/stm32h7xx_hal_i2c.c.obj
HAL_DMA_DeInit                                    CMakeFiles/stm32h7-gfx-ext-loader.stldr.dir/src/lib/STM32H7xx_HAL_Driver/Src/stm32h7xx_hal_dma.c.obj
HAL_DMA_GetError                                  CMakeFiles/stm32h7-gfx-ext-loader.stldr.dir/src/lib/STM32H7xx_HAL_Driver/Src/stm32h7xx_hal_dma.c.obj
                                                  CMakeFiles/stm32h7-gfx-ext-loader.stldr.dir/src/lib/STM32H7xx_HAL_Driver/Src/stm32h7xx_hal_uart.c.obj
                                                  CMakeFiles/stm32h7-gfx-ext-loader.stldr.dir/src/lib/STM32H7xx_HAL_Driver/Src/stm32h7xx_hal_spi.c.obj
                                                  CMakeFiles/stm32h7-gfx-ext-loader.stldr.dir/src/lib/STM32H7xx_HAL_Driver/Src/stm32h7xx_hal_sai.c.obj
                                                  CMakeFiles/stm32h7-gfx-ext-loader.stldr.dir/src/lib/STM32H7xx_HAL_Driver/Src/stm32h7xx_hal_i2c.c.obj
HAL_DMA_GetState                                  CMakeFiles/stm32h7-gfx-ext-loader.stldr.dir/src/lib/STM32H7xx_HAL_Driver/Src/stm32h7xx_hal_dma.c.obj
                                                  CMakeFiles/stm32h7-gfx-ext-loader.stldr.dir/src/lib/STM32H7xx_HAL_Driver/Src/stm32h7xx_hal_i2c.c.obj
HAL_DMA_IRQHandler                                CMakeFiles/stm32h7-gfx-ext-loader.stldr.dir/src/lib/STM32H7xx_HAL_Driver/Src/stm32h7xx_hal_dma.c.obj
HAL_DMA_Init                                      CMakeFiles/stm32h7-gfx-ext-loader.stldr.dir/src/lib/STM32H7xx_HAL_Driver/Src/stm32h7xx_hal_dma.c.obj
HAL_DMA_PollForTransfer                           CMakeFiles/stm32h7-gfx-ext-loader.stldr.dir/src/lib/STM32H7xx_HAL_Driver/Src/stm32h7xx_hal_dma.c.obj
HAL_DMA_RegisterCallback                          CMakeFiles/stm32h7-gfx-ext-loader.stldr.dir/src/lib/STM32H7xx_HAL_Driver/Src/stm32h7xx_hal_dma.c.obj
HAL_DMA_Start                                     CMakeFiles/stm32h7-gfx-ext-loader.stldr.dir/src/lib/STM32H7xx_HAL_Driver/Src/stm32h7xx_hal_dma.c.obj
HAL_DMA_Start_IT                                  CMakeFiles/stm32h7-gfx-ext-loader.stldr.dir/src/lib/STM32H7xx_HAL_Driver/Src/stm32h7xx_hal_dma.c.obj
                                                  CMakeFiles/stm32h7-gfx-ext-loader.stldr.dir/src/lib/STM32H7xx_HAL_Driver/Src/stm32h7xx_hal_uart.c.obj
                                                  CMakeFiles/stm32h7-gfx-ext-loader.stldr.dir/src/lib/STM32H7xx_HAL_Driver/Src/stm32h7xx_hal_tim_ex.c.obj
                                                  CMakeFiles/stm32h7-gfx-ext-loader.stldr.dir/src/lib/STM32H7xx_HAL_Driver/Src/stm32h7xx_hal_tim.c.obj
                                                  CMakeFiles/stm32h7-gfx-ext-loader.stldr.dir/src/lib/STM32H7xx_HAL_Driver/Src/stm32h7xx_hal_spi.c.obj
                                                  CMakeFiles/stm32h7-gfx-ext-loader.stldr.dir/src/lib/STM32H7xx_HAL_Driver/Src/stm32h7xx_hal_sai.c.obj
                                                  CMakeFiles/stm32h7-gfx-ext-loader.stldr.dir/src/lib/STM32H7xx_HAL_Driver/Src/stm32h7xx_hal_i2s.c.obj
                                                  CMakeFiles/stm32h7-gfx-ext-loader.stldr.dir/src/lib/STM32H7xx_HAL_Driver/Src/stm32h7xx_hal_i2c.c.obj
HAL_DMA_UnRegisterCallback                        CMakeFiles/stm32h7-gfx-ext-loader.stldr.dir/src/lib/STM32H7xx_HAL_Driver/Src/stm32h7xx_hal_dma.c.obj
HAL_DeInit                                        CMakeFiles/stm32h7-gfx-ext-loader.stldr.dir/src/lib/STM32H7xx_HAL_Driver/Src/stm32h7xx_hal.c.obj
HAL_Delay                                         CMakeFiles/stm32h7-gfx-ext-loader.stldr.dir/src/bsp/bsp.c.obj
                                                  CMakeFiles/stm32h7-gfx-ext-loader.stldr.dir/src/lib/STM32H7xx_HAL_Driver/Src/stm32h7xx_ll_usb.c.obj
                                                  CMakeFiles/stm32h7-gfx-ext-loader.stldr.dir/src/lib/STM32H7xx_HAL_Driver/Src/stm32h7xx_hal_sd.c.obj
                                                  CMakeFiles/stm32h7-gfx-ext-loader.stldr.dir/src/lib/STM32H7xx_HAL_Driver/Src/stm32h7xx_hal_pcd_ex.c.obj
HAL_DisableCompensationCell                       CMakeFiles/stm32h7-gfx-ext-loader.stldr.dir/src/lib/STM32H7xx_HAL_Driver/Src/stm32h7xx_hal.c.obj
HAL_DisableDomain3DBGStandbyMode                  CMakeFiles/stm32h7-gfx-ext-loader.stldr.dir/src/lib/STM32H7xx_HAL_Driver/Src/stm32h7xx_hal.c.obj
HAL_DisableDomain3DBGStopMode                     CMakeFiles/stm32h7-gfx-ext-loader.stldr.dir/src/lib/STM32H7xx_HAL_Driver/Src/stm32h7xx_hal.c.obj
HAL_EXTI_ClearConfigLine                          CMakeFiles/stm32h7-gfx-ext-loader.stldr.dir/src/lib/STM32H7xx_HAL_Driver/Src/stm32h7xx_hal_exti.c.obj
HAL_EXTI_ClearPending                             CMakeFiles/stm32h7-gfx-ext-loader.stldr.dir/src/lib/STM32H7xx_HAL_Driver/Src/stm32h7xx_hal_exti.c.obj
HAL_EXTI_D1_ClearFlag                             CMakeFiles/stm32h7-gfx-ext-loader.stldr.dir/src/lib/STM32H7xx_HAL_Driver/Src/stm32h7xx_hal.c.obj
HAL_EXTI_D1_EventInputConfig                      CMakeFiles/stm32h7-gfx-ext-loader.stldr.dir/src/lib/STM32H7xx_HAL_Driver/Src/stm32h7xx_hal.c.obj
HAL_EXTI_D3_EventInputConfig                      CMakeFiles/stm32h7-gfx-ext-loader.stldr.dir/src/lib/STM32H7xx_HAL_Driver/Src/stm32h7xx_hal.c.obj
HAL_EXTI_EdgeConfig                               CMakeFiles/stm32h7-gfx-ext-loader.stldr.dir/src/lib/STM32H7xx_HAL_Driver/Src/stm32h7xx_hal.c.obj
HAL_EXTI_GenerateSWI                              CMakeFiles/stm32h7-gfx-ext-loader.stldr.dir/src/lib/STM32H7xx_HAL_Driver/Src/stm32h7xx_hal_exti.c.obj
HAL_EXTI_GenerateSWInterrupt                      CMakeFiles/stm32h7-gfx-ext-loader.stldr.dir/src/lib/STM32H7xx_HAL_Driver/Src/stm32h7xx_hal.c.obj
HAL_EXTI_GetConfigLine                            CMakeFiles/stm32h7-gfx-ext-loader.stldr.dir/src/lib/STM32H7xx_HAL_Driver/Src/stm32h7xx_hal_exti.c.obj
HAL_EXTI_GetHandle                                CMakeFiles/stm32h7-gfx-ext-loader.stldr.dir/src/lib/STM32H7xx_HAL_Driver/Src/stm32h7xx_hal_exti.c.obj
HAL_EXTI_GetPending                               CMakeFiles/stm32h7-gfx-ext-loader.stldr.dir/src/lib/STM32H7xx_HAL_Driver/Src/stm32h7xx_hal_exti.c.obj
HAL_EXTI_IRQHandler                               CMakeFiles/stm32h7-gfx-ext-loader.stldr.dir/src/lib/STM32H7xx_HAL_Driver/Src/stm32h7xx_hal_exti.c.obj
HAL_EXTI_RegisterCallback                         CMakeFiles/stm32h7-gfx-ext-loader.stldr.dir/src/lib/STM32H7xx_HAL_Driver/Src/stm32h7xx_hal_exti.c.obj
HAL_EXTI_SetConfigLine                            CMakeFiles/stm32h7-gfx-ext-loader.stldr.dir/src/lib/STM32H7xx_HAL_Driver/Src/stm32h7xx_hal_exti.c.obj
HAL_EnableCompensationCell                        CMakeFiles/stm32h7-gfx-ext-loader.stldr.dir/src/lib/STM32H7xx_HAL_Driver/Src/stm32h7xx_hal.c.obj
HAL_EnableDomain3DBGStandbyMode                   CMakeFiles/stm32h7-gfx-ext-loader.stldr.dir/src/lib/STM32H7xx_HAL_Driver/Src/stm32h7xx_hal.c.obj
HAL_EnableDomain3DBGStopMode                      CMakeFiles/stm32h7-gfx-ext-loader.stldr.dir/src/lib/STM32H7xx_HAL_Driver/Src/stm32h7xx_hal.c.obj
HAL_FDCAN_AbortTxRequest                          CMakeFiles/stm32h7-gfx-ext-loader.stldr.dir/src/lib/STM32H7xx_HAL_Driver/Src/stm32h7xx_hal_fdcan.c.obj
HAL_FDCAN_ActivateNotification                    CMakeFiles/stm32h7-gfx-ext-loader.stldr.dir/src/lib/STM32H7xx_HAL_Driver/Src/stm32h7xx_hal_fdcan.c.obj
HAL_FDCAN_AddMessageToTxBuffer                    CMakeFiles/stm32h7-gfx-ext-loader.stldr.dir/src/lib/STM32H7xx_HAL_Driver/Src/stm32h7xx_hal_fdcan.c.obj
HAL_FDCAN_AddMessageToTxFifoQ                     CMakeFiles/stm32h7-gfx-ext-loader.stldr.dir/src/lib/STM32H7xx_HAL_Driver/Src/stm32h7xx_hal_fdcan.c.obj
HAL_FDCAN_ClockCalibrationCallback                CMakeFiles/stm32h7-gfx-ext-loader.stldr.dir/src/lib/STM32H7xx_HAL_Driver/Src/stm32h7xx_hal_fdcan.c.obj
HAL_FDCAN_ConfigClockCalibration                  CMakeFiles/stm32h7-gfx-ext-loader.stldr.dir/src/lib/STM32H7xx_HAL_Driver/Src/stm32h7xx_hal_fdcan.c.obj
HAL_FDCAN_ConfigExtendedIdMask                    CMakeFiles/stm32h7-gfx-ext-loader.stldr.dir/src/lib/STM32H7xx_HAL_Driver/Src/stm32h7xx_hal_fdcan.c.obj
HAL_FDCAN_ConfigFifoWatermark                     CMakeFiles/stm32h7-gfx-ext-loader.stldr.dir/src/lib/STM32H7xx_HAL_Driver/Src/stm32h7xx_hal_fdcan.c.obj
HAL_FDCAN_ConfigFilter                            CMakeFiles/stm32h7-gfx-ext-loader.stldr.dir/src/lib/STM32H7xx_HAL_Driver/Src/stm32h7xx_hal_fdcan.c.obj
HAL_FDCAN_ConfigGlobalFilter                      CMakeFiles/stm32h7-gfx-ext-loader.stldr.dir/src/lib/STM32H7xx_HAL_Driver/Src/stm32h7xx_hal_fdcan.c.obj
HAL_FDCAN_ConfigInterruptLines                    CMakeFiles/stm32h7-gfx-ext-loader.stldr.dir/src/lib/STM32H7xx_HAL_Driver/Src/stm32h7xx_hal_fdcan.c.obj
HAL_FDCAN_ConfigRamWatchdog                       CMakeFiles/stm32h7-gfx-ext-loader.stldr.dir/src/lib/STM32H7xx_HAL_Driver/Src/stm32h7xx_hal_fdcan.c.obj
HAL_FDCAN_ConfigRxFifoOverwrite                   CMakeFiles/stm32h7-gfx-ext-loader.stldr.dir/src/lib/STM32H7xx_HAL_Driver/Src/stm32h7xx_hal_fdcan.c.obj
HAL_FDCAN_ConfigTimeoutCounter                    CMakeFiles/stm32h7-gfx-ext-loader.stldr.dir/src/lib/STM32H7xx_HAL_Driver/Src/stm32h7xx_hal_fdcan.c.obj
HAL_FDCAN_ConfigTimestampCounter                  CMakeFiles/stm32h7-gfx-ext-loader.stldr.dir/src/lib/STM32H7xx_HAL_Driver/Src/stm32h7xx_hal_fdcan.c.obj
HAL_FDCAN_ConfigTxDelayCompensation               CMakeFiles/stm32h7-gfx-ext-loader.stldr.dir/src/lib/STM32H7xx_HAL_Driver/Src/stm32h7xx_hal_fdcan.c.obj
HAL_FDCAN_DeInit                                  CMakeFiles/stm32h7-gfx-ext-loader.stldr.dir/src/lib/STM32H7xx_HAL_Driver/Src/stm32h7xx_hal_fdcan.c.obj
HAL_FDCAN_DeactivateNotification                  CMakeFiles/stm32h7-gfx-ext-loader.stldr.dir/src/lib/STM32H7xx_HAL_Driver/Src/stm32h7xx_hal_fdcan.c.obj
HAL_FDCAN_DisableEdgeFiltering                    CMakeFiles/stm32h7-gfx-ext-loader.stldr.dir/src/lib/STM32H7xx_HAL_Driver/Src/stm32h7xx_hal_fdcan.c.obj
HAL_FDCAN_DisableISOMode                          CMakeFiles/stm32h7-gfx-ext-loader.stldr.dir/src/lib/STM32H7xx_HAL_Driver/Src/stm32h7xx_hal_fdcan.c.obj
HAL_FDCAN_DisableTimeoutCounter                   CMakeFiles/stm32h7-gfx-ext-loader.stldr.dir/src/lib/STM32H7xx_HAL_Driver/Src/stm32h7xx_hal_fdcan.c.obj
HAL_FDCAN_DisableTimestampCounter                 CMakeFiles/stm32h7-gfx-ext-loader.stldr.dir/src/lib/STM32H7xx_HAL_Driver/Src/stm32h7xx_hal_fdcan.c.obj
HAL_FDCAN_DisableTxDelayCompensation              CMakeFiles/stm32h7-gfx-ext-loader.stldr.dir/src/lib/STM32H7xx_HAL_Driver/Src/stm32h7xx_hal_fdcan.c.obj
HAL_FDCAN_EnableEdgeFiltering                     CMakeFiles/stm32h7-gfx-ext-loader.stldr.dir/src/lib/STM32H7xx_HAL_Driver/Src/stm32h7xx_hal_fdcan.c.obj
HAL_FDCAN_EnableISOMode                           CMakeFiles/stm32h7-gfx-ext-loader.stldr.dir/src/lib/STM32H7xx_HAL_Driver/Src/stm32h7xx_hal_fdcan.c.obj
HAL_FDCAN_EnableTimeoutCounter                    CMakeFiles/stm32h7-gfx-ext-loader.stldr.dir/src/lib/STM32H7xx_HAL_Driver/Src/stm32h7xx_hal_fdcan.c.obj
HAL_FDCAN_EnableTimestampCounter                  CMakeFiles/stm32h7-gfx-ext-loader.stldr.dir/src/lib/STM32H7xx_HAL_Driver/Src/stm32h7xx_hal_fdcan.c.obj
HAL_FDCAN_EnableTxBufferRequest                   CMakeFiles/stm32h7-gfx-ext-loader.stldr.dir/src/lib/STM32H7xx_HAL_Driver/Src/stm32h7xx_hal_fdcan.c.obj
HAL_FDCAN_EnableTxDelayCompensation               CMakeFiles/stm32h7-gfx-ext-loader.stldr.dir/src/lib/STM32H7xx_HAL_Driver/Src/stm32h7xx_hal_fdcan.c.obj
HAL_FDCAN_EnterPowerDownMode                      CMakeFiles/stm32h7-gfx-ext-loader.stldr.dir/src/lib/STM32H7xx_HAL_Driver/Src/stm32h7xx_hal_fdcan.c.obj
HAL_FDCAN_ErrorCallback                           CMakeFiles/stm32h7-gfx-ext-loader.stldr.dir/src/lib/STM32H7xx_HAL_Driver/Src/stm32h7xx_hal_fdcan.c.obj
HAL_FDCAN_ErrorStatusCallback                     CMakeFiles/stm32h7-gfx-ext-loader.stldr.dir/src/lib/STM32H7xx_HAL_Driver/Src/stm32h7xx_hal_fdcan.c.obj
HAL_FDCAN_ExitPowerDownMode                       CMakeFiles/stm32h7-gfx-ext-loader.stldr.dir/src/lib/STM32H7xx_HAL_Driver/Src/stm32h7xx_hal_fdcan.c.obj
HAL_FDCAN_ExitRestrictedOperationMode             CMakeFiles/stm32h7-gfx-ext-loader.stldr.dir/src/lib/STM32H7xx_HAL_Driver/Src/stm32h7xx_hal_fdcan.c.obj
HAL_FDCAN_GetClockCalibrationCounter              CMakeFiles/stm32h7-gfx-ext-loader.stldr.dir/src/lib/STM32H7xx_HAL_Driver/Src/stm32h7xx_hal_fdcan.c.obj
HAL_FDCAN_GetClockCalibrationState                CMakeFiles/stm32h7-gfx-ext-loader.stldr.dir/src/lib/STM32H7xx_HAL_Driver/Src/stm32h7xx_hal_fdcan.c.obj
HAL_FDCAN_GetError                                CMakeFiles/stm32h7-gfx-ext-loader.stldr.dir/src/lib/STM32H7xx_HAL_Driver/Src/stm32h7xx_hal_fdcan.c.obj
HAL_FDCAN_GetErrorCounters                        CMakeFiles/stm32h7-gfx-ext-loader.stldr.dir/src/lib/STM32H7xx_HAL_Driver/Src/stm32h7xx_hal_fdcan.c.obj
HAL_FDCAN_GetHighPriorityMessageStatus            CMakeFiles/stm32h7-gfx-ext-loader.stldr.dir/src/lib/STM32H7xx_HAL_Driver/Src/stm32h7xx_hal_fdcan.c.obj
HAL_FDCAN_GetLatestTxFifoQRequestBuffer           CMakeFiles/stm32h7-gfx-ext-loader.stldr.dir/src/lib/STM32H7xx_HAL_Driver/Src/stm32h7xx_hal_fdcan.c.obj
HAL_FDCAN_GetProtocolStatus                       CMakeFiles/stm32h7-gfx-ext-loader.stldr.dir/src/lib/STM32H7xx_HAL_Driver/Src/stm32h7xx_hal_fdcan.c.obj
HAL_FDCAN_GetRxFifoFillLevel                      CMakeFiles/stm32h7-gfx-ext-loader.stldr.dir/src/lib/STM32H7xx_HAL_Driver/Src/stm32h7xx_hal_fdcan.c.obj
HAL_FDCAN_GetRxMessage                            CMakeFiles/stm32h7-gfx-ext-loader.stldr.dir/src/lib/STM32H7xx_HAL_Driver/Src/stm32h7xx_hal_fdcan.c.obj
HAL_FDCAN_GetState                                CMakeFiles/stm32h7-gfx-ext-loader.stldr.dir/src/lib/STM32H7xx_HAL_Driver/Src/stm32h7xx_hal_fdcan.c.obj
HAL_FDCAN_GetTimeoutCounter                       CMakeFiles/stm32h7-gfx-ext-loader.stldr.dir/src/lib/STM32H7xx_HAL_Driver/Src/stm32h7xx_hal_fdcan.c.obj
HAL_FDCAN_GetTimestampCounter                     CMakeFiles/stm32h7-gfx-ext-loader.stldr.dir/src/lib/STM32H7xx_HAL_Driver/Src/stm32h7xx_hal_fdcan.c.obj
HAL_FDCAN_GetTxEvent                              CMakeFiles/stm32h7-gfx-ext-loader.stldr.dir/src/lib/STM32H7xx_HAL_Driver/Src/stm32h7xx_hal_fdcan.c.obj
HAL_FDCAN_GetTxFifoFreeLevel                      CMakeFiles/stm32h7-gfx-ext-loader.stldr.dir/src/lib/STM32H7xx_HAL_Driver/Src/stm32h7xx_hal_fdcan.c.obj
HAL_FDCAN_HighPriorityMessageCallback             CMakeFiles/stm32h7-gfx-ext-loader.stldr.dir/src/lib/STM32H7xx_HAL_Driver/Src/stm32h7xx_hal_fdcan.c.obj
HAL_FDCAN_IRQHandler                              CMakeFiles/stm32h7-gfx-ext-loader.stldr.dir/src/lib/STM32H7xx_HAL_Driver/Src/stm32h7xx_hal_fdcan.c.obj
HAL_FDCAN_Init                                    CMakeFiles/stm32h7-gfx-ext-loader.stldr.dir/src/lib/STM32H7xx_HAL_Driver/Src/stm32h7xx_hal_fdcan.c.obj
HAL_FDCAN_IsRestrictedOperationMode               CMakeFiles/stm32h7-gfx-ext-loader.stldr.dir/src/lib/STM32H7xx_HAL_Driver/Src/stm32h7xx_hal_fdcan.c.obj
HAL_FDCAN_IsRxBufferMessageAvailable              CMakeFiles/stm32h7-gfx-ext-loader.stldr.dir/src/lib/STM32H7xx_HAL_Driver/Src/stm32h7xx_hal_fdcan.c.obj
HAL_FDCAN_IsTxBufferMessagePending                CMakeFiles/stm32h7-gfx-ext-loader.stldr.dir/src/lib/STM32H7xx_HAL_Driver/Src/stm32h7xx_hal_fdcan.c.obj
HAL_FDCAN_MspDeInit                               CMakeFiles/stm32h7-gfx-ext-loader.stldr.dir/src/lib/STM32H7xx_HAL_Driver/Src/stm32h7xx_hal_fdcan.c.obj
HAL_FDCAN_MspInit                                 CMakeFiles/stm32h7-gfx-ext-loader.stldr.dir/src/lib/STM32H7xx_HAL_Driver/Src/stm32h7xx_hal_fdcan.c.obj
HAL_FDCAN_ResetClockCalibrationState              CMakeFiles/stm32h7-gfx-ext-loader.stldr.dir/src/lib/STM32H7xx_HAL_Driver/Src/stm32h7xx_hal_fdcan.c.obj
HAL_FDCAN_ResetTimeoutCounter                     CMakeFiles/stm32h7-gfx-ext-loader.stldr.dir/src/lib/STM32H7xx_HAL_Driver/Src/stm32h7xx_hal_fdcan.c.obj
HAL_FDCAN_ResetTimestampCounter                   CMakeFiles/stm32h7-gfx-ext-loader.stldr.dir/src/lib/STM32H7xx_HAL_Driver/Src/stm32h7xx_hal_fdcan.c.obj
HAL_FDCAN_RxBufferNewMessageCallback              CMakeFiles/stm32h7-gfx-ext-loader.stldr.dir/src/lib/STM32H7xx_HAL_Driver/Src/stm32h7xx_hal_fdcan.c.obj
HAL_FDCAN_RxFifo0Callback                         CMakeFiles/stm32h7-gfx-ext-loader.stldr.dir/src/lib/STM32H7xx_HAL_Driver/Src/stm32h7xx_hal_fdcan.c.obj
HAL_FDCAN_RxFifo1Callback                         CMakeFiles/stm32h7-gfx-ext-loader.stldr.dir/src/lib/STM32H7xx_HAL_Driver/Src/stm32h7xx_hal_fdcan.c.obj
HAL_FDCAN_Start                                   CMakeFiles/stm32h7-gfx-ext-loader.stldr.dir/src/lib/STM32H7xx_HAL_Driver/Src/stm32h7xx_hal_fdcan.c.obj
HAL_FDCAN_Stop                                    CMakeFiles/stm32h7-gfx-ext-loader.stldr.dir/src/lib/STM32H7xx_HAL_Driver/Src/stm32h7xx_hal_fdcan.c.obj
HAL_FDCAN_TT_ActivateNotification                 CMakeFiles/stm32h7-gfx-ext-loader.stldr.dir/src/lib/STM32H7xx_HAL_Driver/Src/stm32h7xx_hal_fdcan.c.obj
HAL_FDCAN_TT_ConfigExternalSyncPhase              CMakeFiles/stm32h7-gfx-ext-loader.stldr.dir/src/lib/STM32H7xx_HAL_Driver/Src/stm32h7xx_hal_fdcan.c.obj
HAL_FDCAN_TT_ConfigInterruptLines                 CMakeFiles/stm32h7-gfx-ext-loader.stldr.dir/src/lib/STM32H7xx_HAL_Driver/Src/stm32h7xx_hal_fdcan.c.obj
HAL_FDCAN_TT_ConfigOperation                      CMakeFiles/stm32h7-gfx-ext-loader.stldr.dir/src/lib/STM32H7xx_HAL_Driver/Src/stm32h7xx_hal_fdcan.c.obj
HAL_FDCAN_TT_ConfigReferenceMessage               CMakeFiles/stm32h7-gfx-ext-loader.stldr.dir/src/lib/STM32H7xx_HAL_Driver/Src/stm32h7xx_hal_fdcan.c.obj
HAL_FDCAN_TT_ConfigRegisterTimeMark               CMakeFiles/stm32h7-gfx-ext-loader.stldr.dir/src/lib/STM32H7xx_HAL_Driver/Src/stm32h7xx_hal_fdcan.c.obj
HAL_FDCAN_TT_ConfigStopWatch                      CMakeFiles/stm32h7-gfx-ext-loader.stldr.dir/src/lib/STM32H7xx_HAL_Driver/Src/stm32h7xx_hal_fdcan.c.obj
HAL_FDCAN_TT_ConfigTrigger                        CMakeFiles/stm32h7-gfx-ext-loader.stldr.dir/src/lib/STM32H7xx_HAL_Driver/Src/stm32h7xx_hal_fdcan.c.obj
HAL_FDCAN_TT_DeactivateNotification               CMakeFiles/stm32h7-gfx-ext-loader.stldr.dir/src/lib/STM32H7xx_HAL_Driver/Src/stm32h7xx_hal_fdcan.c.obj
HAL_FDCAN_TT_DisableExternalSynchronization       CMakeFiles/stm32h7-gfx-ext-loader.stldr.dir/src/lib/STM32H7xx_HAL_Driver/Src/stm32h7xx_hal_fdcan.c.obj
HAL_FDCAN_TT_DisableHardwareGapControl            CMakeFiles/stm32h7-gfx-ext-loader.stldr.dir/src/lib/STM32H7xx_HAL_Driver/Src/stm32h7xx_hal_fdcan.c.obj
HAL_FDCAN_TT_DisableRegisterTimeMarkPulse         CMakeFiles/stm32h7-gfx-ext-loader.stldr.dir/src/lib/STM32H7xx_HAL_Driver/Src/stm32h7xx_hal_fdcan.c.obj
HAL_FDCAN_TT_DisableTimeMarkGapControl            CMakeFiles/stm32h7-gfx-ext-loader.stldr.dir/src/lib/STM32H7xx_HAL_Driver/Src/stm32h7xx_hal_fdcan.c.obj
HAL_FDCAN_TT_DisableTriggerTimeMarkPulse          CMakeFiles/stm32h7-gfx-ext-loader.stldr.dir/src/lib/STM32H7xx_HAL_Driver/Src/stm32h7xx_hal_fdcan.c.obj
HAL_FDCAN_TT_EnableExternalSynchronization        CMakeFiles/stm32h7-gfx-ext-loader.stldr.dir/src/lib/STM32H7xx_HAL_Driver/Src/stm32h7xx_hal_fdcan.c.obj
HAL_FDCAN_TT_EnableHardwareGapControl             CMakeFiles/stm32h7-gfx-ext-loader.stldr.dir/src/lib/STM32H7xx_HAL_Driver/Src/stm32h7xx_hal_fdcan.c.obj
HAL_FDCAN_TT_EnableRegisterTimeMarkPulse          CMakeFiles/stm32h7-gfx-ext-loader.stldr.dir/src/lib/STM32H7xx_HAL_Driver/Src/stm32h7xx_hal_fdcan.c.obj
HAL_FDCAN_TT_EnableTimeMarkGapControl             CMakeFiles/stm32h7-gfx-ext-loader.stldr.dir/src/lib/STM32H7xx_HAL_Driver/Src/stm32h7xx_hal_fdcan.c.obj
HAL_FDCAN_TT_EnableTriggerTimeMarkPulse           CMakeFiles/stm32h7-gfx-ext-loader.stldr.dir/src/lib/STM32H7xx_HAL_Driver/Src/stm32h7xx_hal_fdcan.c.obj
HAL_FDCAN_TT_GetOperationStatus                   CMakeFiles/stm32h7-gfx-ext-loader.stldr.dir/src/lib/STM32H7xx_HAL_Driver/Src/stm32h7xx_hal_fdcan.c.obj
HAL_FDCAN_TT_GlobalTimeCallback                   CMakeFiles/stm32h7-gfx-ext-loader.stldr.dir/src/lib/STM32H7xx_HAL_Driver/Src/stm32h7xx_hal_fdcan.c.obj
HAL_FDCAN_TT_ScheduleSyncCallback                 CMakeFiles/stm32h7-gfx-ext-loader.stldr.dir/src/lib/STM32H7xx_HAL_Driver/Src/stm32h7xx_hal_fdcan.c.obj
HAL_FDCAN_TT_SetClockSynchronization              CMakeFiles/stm32h7-gfx-ext-loader.stldr.dir/src/lib/STM32H7xx_HAL_Driver/Src/stm32h7xx_hal_fdcan.c.obj
HAL_FDCAN_TT_SetEndOfGap                          CMakeFiles/stm32h7-gfx-ext-loader.stldr.dir/src/lib/STM32H7xx_HAL_Driver/Src/stm32h7xx_hal_fdcan.c.obj
HAL_FDCAN_TT_SetGlobalTime                        CMakeFiles/stm32h7-gfx-ext-loader.stldr.dir/src/lib/STM32H7xx_HAL_Driver/Src/stm32h7xx_hal_fdcan.c.obj
HAL_FDCAN_TT_SetNextIsGap                         CMakeFiles/stm32h7-gfx-ext-loader.stldr.dir/src/lib/STM32H7xx_HAL_Driver/Src/stm32h7xx_hal_fdcan.c.obj
HAL_FDCAN_TT_StopWatchCallback                    CMakeFiles/stm32h7-gfx-ext-loader.stldr.dir/src/lib/STM32H7xx_HAL_Driver/Src/stm32h7xx_hal_fdcan.c.obj
HAL_FDCAN_TT_TimeMarkCallback                     CMakeFiles/stm32h7-gfx-ext-loader.stldr.dir/src/lib/STM32H7xx_HAL_Driver/Src/stm32h7xx_hal_fdcan.c.obj
HAL_FDCAN_TimeoutOccurredCallback                 CMakeFiles/stm32h7-gfx-ext-loader.stldr.dir/src/lib/STM32H7xx_HAL_Driver/Src/stm32h7xx_hal_fdcan.c.obj
HAL_FDCAN_TimestampWraparoundCallback             CMakeFiles/stm32h7-gfx-ext-loader.stldr.dir/src/lib/STM32H7xx_HAL_Driver/Src/stm32h7xx_hal_fdcan.c.obj
HAL_FDCAN_TxBufferAbortCallback                   CMakeFiles/stm32h7-gfx-ext-loader.stldr.dir/src/lib/STM32H7xx_HAL_Driver/Src/stm32h7xx_hal_fdcan.c.obj
HAL_FDCAN_TxBufferCompleteCallback                CMakeFiles/stm32h7-gfx-ext-loader.stldr.dir/src/lib/STM32H7xx_HAL_Driver/Src/stm32h7xx_hal_fdcan.c.obj
HAL_FDCAN_TxEventFifoCallback                     CMakeFiles/stm32h7-gfx-ext-loader.stldr.dir/src/lib/STM32H7xx_HAL_Driver/Src/stm32h7xx_hal_fdcan.c.obj
HAL_FDCAN_TxFifoEmptyCallback                     CMakeFiles/stm32h7-gfx-ext-loader.stldr.dir/src/lib/STM32H7xx_HAL_Driver/Src/stm32h7xx_hal_fdcan.c.obj
HAL_FLASHEx_ComputeCRC                            CMakeFiles/stm32h7-gfx-ext-loader.stldr.dir/src/lib/STM32H7xx_HAL_Driver/Src/stm32h7xx_hal_flash_ex.c.obj
HAL_FLASHEx_Erase                                 CMakeFiles/stm32h7-gfx-ext-loader.stldr.dir/src/lib/STM32H7xx_HAL_Driver/Src/stm32h7xx_hal_flash_ex.c.obj
HAL_FLASHEx_Erase_IT                              CMakeFiles/stm32h7-gfx-ext-loader.stldr.dir/src/lib/STM32H7xx_HAL_Driver/Src/stm32h7xx_hal_flash_ex.c.obj
HAL_FLASHEx_Lock_Bank1                            CMakeFiles/stm32h7-gfx-ext-loader.stldr.dir/src/lib/STM32H7xx_HAL_Driver/Src/stm32h7xx_hal_flash_ex.c.obj
HAL_FLASHEx_OBGetConfig                           CMakeFiles/stm32h7-gfx-ext-loader.stldr.dir/src/lib/STM32H7xx_HAL_Driver/Src/stm32h7xx_hal_flash_ex.c.obj
HAL_FLASHEx_OBProgram                             CMakeFiles/stm32h7-gfx-ext-loader.stldr.dir/src/lib/STM32H7xx_HAL_Driver/Src/stm32h7xx_hal_flash_ex.c.obj
HAL_FLASHEx_Unlock_Bank1                          CMakeFiles/stm32h7-gfx-ext-loader.stldr.dir/src/lib/STM32H7xx_HAL_Driver/Src/stm32h7xx_hal_flash_ex.c.obj
HAL_FLASH_EndOfOperationCallback                  CMakeFiles/stm32h7-gfx-ext-loader.stldr.dir/src/lib/STM32H7xx_HAL_Driver/Src/stm32h7xx_hal_flash.c.obj
HAL_FLASH_GetError                                CMakeFiles/stm32h7-gfx-ext-loader.stldr.dir/src/lib/STM32H7xx_HAL_Driver/Src/stm32h7xx_hal_flash.c.obj
HAL_FLASH_IRQHandler                              CMakeFiles/stm32h7-gfx-ext-loader.stldr.dir/src/lib/STM32H7xx_HAL_Driver/Src/stm32h7xx_hal_flash.c.obj
HAL_FLASH_Lock                                    CMakeFiles/stm32h7-gfx-ext-loader.stldr.dir/src/lib/STM32H7xx_HAL_Driver/Src/stm32h7xx_hal_flash.c.obj
HAL_FLASH_OB_Launch                               CMakeFiles/stm32h7-gfx-ext-loader.stldr.dir/src/lib/STM32H7xx_HAL_Driver/Src/stm32h7xx_hal_flash.c.obj
HAL_FLASH_OB_Lock                                 CMakeFiles/stm32h7-gfx-ext-loader.stldr.dir/src/lib/STM32H7xx_HAL_Driver/Src/stm32h7xx_hal_flash.c.obj
HAL_FLASH_OB_Unlock                               CMakeFiles/stm32h7-gfx-ext-loader.stldr.dir/src/lib/STM32H7xx_HAL_Driver/Src/stm32h7xx_hal_flash.c.obj
HAL_FLASH_OperationErrorCallback                  CMakeFiles/stm32h7-gfx-ext-loader.stldr.dir/src/lib/STM32H7xx_HAL_Driver/Src/stm32h7xx_hal_flash.c.obj